
-rw-rw-r--  1 guei guei  931 Nov  8 15:54 sitemap.xml
drwxrwxr-x  6 guei guei 4096 Nov  8 15:50 [01;34mtags[0m/
]0;/home/guei/Documents/gumeo-blog/public]0;guei@comp-nbguei: ~/Documents/gumeo-blog/public[01;32mguei@comp-nbguei[00m:[01;34m~/Documents/gumeo-blog/public[00m$ cd ..
]0;/home/guei/Documents/gumeo-blog]0;guei@comp-nbguei: ~/Documents/gumeo-blog[01;32mguei@comp-nbguei[00m:[01;34m~/Documents/gumeo-blog[00m$ ls
[0m[01;34marchetypes[0m  config.toml  [01;34mcontent[0m  [01;34mdata[0m  gumeo-blog.Rproj  index.Rmd  [01;34mlayouts[0m  [01;34mpublic[0m  [01;34mstatic[0m  [01;34mthemes[0m
]0;/home/guei/Documents/gumeo-blog]0;guei@comp-nbguei: ~/Documents/gumeo-blog[01;32mguei@comp-nbguei[00m:[01;34m~/Documents/gumeo-blog[00m$ ll
total 56
drwxrwxr-x 10 guei guei 4096 Nov  8 15:53 [0m[01;34m.[0m/
drwxr-xr-x 13 guei guei 4096 Nov  7 15:18 [01;34m..[0m/
drwxrwxr-x  2 guei guei 4096 Nov  7 15:19 [01;34marchetypes[0m/
-rw-rw-r--  1 guei guei  380 Nov  8 15:53 config.toml
drwxrwxr-x  3 guei guei 4096 Nov  7 15:19 [01;34mcontent[0m/
drwxrwxr-x  2 guei guei 4096 Nov  7 15:19 [01;34mdata[0m/
-rw-rw-r--  1 guei guei  225 Nov  8 15:53 gumeo-blog.Rproj
-rw-rw-r--  1 guei guei   39 Nov  7 15:19 index.Rmd
drwxrwxr-x  2 guei guei 4096 Nov  7 15:19 [01;34mlayouts[0m/
drwxrwxr-x  9 guei guei 4096 Nov  7 15:19 [01;34mpublic[0m/
-rw-rw-r--  1 guei guei  661 Nov  8 15:53 .Rhistory
drwxrwxr-x  4 guei guei 4096 Nov  7 15:19 [01;34m.Rproj.user[0m/
drwxrwxr-x  3 guei guei 4096 Nov  7 15:19 [01;34mstatic[0m/
drwxrwxr-x  3 guei guei 4096 Nov  7 15:19 [01;34mthemes[0m/
]0;/home/guei/Documents/gumeo-blog]0;guei@comp-nbguei: ~/Documents/gumeo-blog[01;32mguei@comp-nbguei[00m:[01;34m~/Documents/gumeo-blog[00m$ build_site()
> ^C
]0;/home/guei/Documents/gumeo-blog]0;guei@comp-nbguei: ~/Documents/gumeo-blog[01;32mguei@comp-nbguei[00m:[01;34m~/Documents/gumeo-blog[00m$ build_site()  echo 76324154 && /usr/bin/env && echo 4DAD5891[C[C[C[C[C[C[C[C[C[C[C[C[C[C[C[C[C[C[C[C[C[C[C[C[C[C[C[C[C[C[C[C[C[C[C[C[C[C[C[C[Cll[Kscd ..[3Pllcd ..[3Plslbuild_site()  echo 76324154 && /usr/bin/env && echo 4DAD5891[C[C[C[C[C[C[C[C[C[C[C[C[C[C[C[C[C[C[C[C[C[C[C[C[C[C[C[C[C[C[C[C[C[C[C[C[C[C[C[C[C[Kcd public/
]0;/home/guei/Documents/gumeo-blog/public]0;guei@comp-nbguei: ~/Documents/gumeo-blog/public[01;32mguei@comp-nbguei[00m:[01;34m~/Documents/gumeo-blog/public[00m$ git commit * -m ""l"l"l"
[master 77ae8d0] lll
 5 files changed, 5 insertions(+), 5 deletions(-)
]0;/home/guei/Documents/gumeo-blog/public]0;guei@comp-nbguei: ~/Documents/gumeo-blog/public[01;32mguei@comp-nbguei[00m:[01;34m~/Documents/gumeo-blog/public[00m$ git push
warning: push.default is unset; its implicit value has changed in
Git 2.0 from 'matching' to 'simple'. To squelch this message
and maintain the traditional behavior, use:

  git config --global push.default matching

To squelch this message and adopt the new behavior now, use:

  git config --global push.default simple

When push.default is set to 'matching', git will push local branches
to the remote branches that already exist with the same name.

Since Git 2.0, Git defaults to the more conservative 'simple'
behavior, which only pushes the current branch to the corresponding
remote branch that 'git pull' uses to update the current branch.

See 'git help config' and search for 'push.default' for further information.
(the 'simple' mode was introduced in Git 1.7.11. Use the similar mode
'current' instead of 'simple' if you sometimes use older versions of Git)

fatal: The current branch master has no upstream branch.
To push the current branch and set the remote as upstream, use

    git push --set-upstream origin master

]0;/home/guei/Documents/gumeo-blog/public]0;guei@comp-nbguei: ~/Documents/gumeo-blog/public[01;32mguei@comp-nbguei[00m:[01;34m~/Documents/gumeo-blog/public[00m$ git push --set-upstream origin master
error: cannot run rpostback-askpass: No such file or directory
Username for 'https://github.com': gumeo
error: cannot run rpostback-askpass: No such file or directory
Password for 'https://gumeo@github.com': 
Counting objects: 16, done.
Delta compression using up to 8 threads.
Compressing objects:   7% (1/14)   Compressing objects:  14% (2/14)   Compressing objects:  21% (3/14)   Compressing objects:  28% (4/14)   Compressing objects:  35% (5/14)   Compressing objects:  42% (6/14)   Compressing objects:  50% (7/14)   Compressing objects:  57% (8/14)   Compressing objects:  64% (9/14)   Compressing objects:  71% (10/14)   Compressing objects:  78% (11/14)   Compressing objects:  85% (12/14)   Compressing objects:  92% (13/14)   Compressing objects: 100% (14/14)   Compressing objects: 100% (14/14), done.
Writing objects:   6% (1/16)   Writing objects:  12% (2/16)   Writing objects:  18% (3/16)   Writing objects:  25% (4/16)   Writing objects:  31% (5/16)   Writing objects:  37% (6/16)   Writing objects:  43% (7/16)   Writing objects:  50% (8/16)   Writing objects:  56% (9/16)   Writing objects:  62% (10/16)   Writing objects:  68% (11/16)   Writing objects:  75% (12/16)   Writing objects:  81% (13/16)   Writing objects:  87% (14/16)   Writing objects:  93% (15/16)   Writing objects: 100% (16/16)   Writing objects: 100% (16/16), 1.43 KiB | 0 bytes/s, done.
Total 16 (delta 8), reused 0 (delta 0)
remote: Resolving deltas:   0% (0/8)   [Kremote: Resolving deltas:  25% (2/8)   [Kremote: Resolving deltas:  37% (3/8)   [Kremote: Resolving deltas:  50% (4/8)   [Kremote: Resolving deltas:  62% (5/8)   [Kremote: Resolving deltas:  75% (6/8)   [Kremote: Resolving deltas:  87% (7/8)   [Kremote: Resolving deltas: 100% (8/8)   [Kremote: Resolving deltas: 100% (8/8), completed with 7 local objects.[K
To https://github.com/gumeo/gumeo.github.io.git
   ec1770e..77ae8d0  master -> master
Branch master set up to track remote branch master from origin.
]0;/home/guei/Documents/gumeo-blog/public]0;guei@comp-nbguei: ~/Documents/gumeo-blog/public[01;32mguei@comp-nbguei[00m:[01;34m~/Documents/gumeo-blog/public[00m$ git push --set-upstream origin master[K --set-upstream origin master[Kcommit * -m "lll"
On branch master
Your branch is up-to-date with 'origin/master'.
nothing to commit, working directory clean
]0;/home/guei/Documents/gumeo-blog/public]0;guei@comp-nbguei: ~/Documents/gumeo-blog/public[01;32mguei@comp-nbguei[00m:[01;34m~/Documents/gumeo-blog/public[00m$ git commit * -m "lll"
On branch master
Your branch is up-to-date with 'origin/master'.
nothing to commit, working directory clean
git commit * -m ""h"e"l"l"o"
On branch master
Your branch is up-to-date with 'origin/master'.
nothing to commit, working directory clean
]0;/home/guei/Documents/gumeo-blog/public]0;guei@comp-nbguei: ~/Documents/gumeo-blog/public[01;32mguei@comp-nbguei[00m:[01;34m~/Documents/gumeo-blog/public[00m$ git commit * -m "hello"
[master 75de541] hello
 5 files changed, 15 insertions(+), 15 deletions(-)
]0;/home/guei/Documents/gumeo-blog/public]0;guei@comp-nbguei: ~/Documents/gumeo-blog/public[01;32mguei@comp-nbguei[00m:[01;34m~/Documents/gumeo-blog/public[00m$ git commit * -m "hello"[Kgit push
warning: push.default is unset; its implicit value has changed in
Git 2.0 from 'matching' to 'simple'. To squelch this message
and maintain the traditional behavior, use:

  git config --global push.default matching

To squelch this message and adopt the new behavior now, use:

  git config --global push.default simple

When push.default is set to 'matching', git will push local branches
to the remote branches that already exist with the same name.

Since Git 2.0, Git defaults to the more conservative 'simple'
behavior, which only pushes the current branch to the corresponding
remote branch that 'git pull' uses to update the current branch.

See 'git help config' and search for 'push.default' for further information.
(the 'simple' mode was introduced in Git 1.7.11. Use the similar mode
'current' instead of 'simple' if you sometimes use older versions of Git)

error: cannot run rpostback-askpass: No such file or directory
Username for 'https://github.com': gumeo
error: cannot run rpostback-askpass: No such file or directory
Password for 'https://gumeo@github.com': 
Counting objects: 12, done.
Delta compression using up to 8 threads.
Compressing objects:   9% (1/11)   Compressing objects:  18% (2/11)   Compressing objects:  27% (3/11)   Compressing objects:  36% (4/11)   Compressing objects:  45% (5/11)   Compressing objects:  54% (6/11)   Compressing objects:  63% (7/11)   Compressing objects:  72% (8/11)   Compressing objects:  81% (9/11)   Compressing objects:  90% (10/11)   Compressing objects: 100% (11/11)   Compressing objects: 100% (11/11), done.
Writing objects:   8% (1/12)   Writing objects:  16% (2/12)   Writing objects:  25% (3/12)   Writing objects:  33% (4/12)   Writing objects:  41% (5/12)   Writing objects:  50% (6/12)   Writing objects:  58% (7/12)   Writing objects:  66% (8/12)   Writing objects:  75% (9/12)   Writing objects:  83% (10/12)   Writing objects:  91% (11/12)   Writing objects: 100% (12/12)   Writing objects: 100% (12/12), 1.02 KiB | 0 bytes/s, done.
Total 12 (delta 7), reused 0 (delta 0)
remote: Resolving deltas:   0% (0/7)   [Kremote: Resolving deltas:  14% (1/7)   [Kremote: Resolving deltas:  28% (2/7)   [Kremote: Resolving deltas:  42% (3/7)   [Kremote: Resolving deltas:  57% (4/7)   [Kremote: Resolving deltas:  71% (5/7)   [Kremote: Resolving deltas:  85% (6/7)   [Kremote: Resolving deltas: 100% (7/7)   [Kremote: Resolving deltas: 100% (7/7), completed with 7 local objects.[K
To https://github.com/gumeo/gumeo.github.io.git
   77ae8d0..75de541  master -> master
]0;/home/guei/Documents/gumeo-blog/public]0;guei@comp-nbguei: ~/Documents/gumeo-blog/public[01;32mguei@comp-nbguei[00m:[01;34m~/Documents/gumeo-blog/public[00m$ git pushcommit * -m "hello"
On branch master
Your branch is up-to-date with 'origin/master'.
nothing to commit, working directory clean
]0;/home/guei/Documents/gumeo-blog/public]0;guei@comp-nbguei: ~/Documents/gumeo-blog/public[01;32mguei@comp-nbguei[00m:[01;34m~/Documents/gumeo-blog/public[00m$ git commit * -m "hello"
On branch master
Your branch is up-to-date with 'origin/master'.
nothing to commit, working directory clean
]0;/home/guei/Documents/gumeo-blog/public]0;guei@comp-nbguei: ~/Documents/gumeo-blog/public[01;32mguei@comp-nbguei[00m:[01;34m~/Documents/gumeo-blog/public[00m$ git commit * -m "hello"
[master a0681e2] hello
 5 files changed, 15 insertions(+), 15 deletions(-)
]0;/home/guei/Documents/gumeo-blog/public]0;guei@comp-nbguei: ~/Documents/gumeo-blog/public[01;32mguei@comp-nbguei[00m:[01;34m~/Documents/gumeo-blog/public[00m$ git commit * -m "hello"push[K
warning: push.default is unset; its implicit value has changed in
Git 2.0 from 'matching' to 'simple'. To squelch this message
and maintain the traditional behavior, use:

  git config --global push.default matching

To squelch this message and adopt the new behavior now, use:

  git config --global push.default simple

When push.default is set to 'matching', git will push local branches
to the remote branches that already exist with the same name.

Since Git 2.0, Git defaults to the more conservative 'simple'
behavior, which only pushes the current branch to the corresponding
remote branch that 'git pull' uses to update the current branch.

See 'git help config' and search for 'push.default' for further information.
(the 'simple' mode was introduced in Git 1.7.11. Use the similar mode
'current' instead of 'simple' if you sometimes use older versions of Git)

error: cannot run rpostback-askpass: No such file or directory
Username for 'https://github.com': gumeo
error: cannot run rpostback-askpass: No such file or directory
Password for 'https://gumeo@github.com': 
Counting objects: 12, done.
Delta compression using up to 8 threads.
Compressing objects:   9% (1/11)   Compressing objects:  18% (2/11)   Compressing objects:  27% (3/11)   Compressing objects:  36% (4/11)   Compressing objects:  45% (5/11)   Compressing objects:  54% (6/11)   Compressing objects:  63% (7/11)   Compressing objects:  72% (8/11)   Compressing objects:  81% (9/11)   Compressing objects:  90% (10/11)   Compressing objects: 100% (11/11)   Compressing objects: 100% (11/11), done.
Writing objects:   8% (1/12)   Writing objects:  16% (2/12)   Writing objects:  25% (3/12)   Writing objects:  33% (4/12)   Writing objects:  41% (5/12)   Writing objects:  50% (6/12)   Writing objects:  58% (7/12)   Writing objects:  66% (8/12)   Writing objects:  75% (9/12)   Writing objects:  83% (10/12)   Writing objects:  91% (11/12)   Writing objects: 100% (12/12)   Writing objects: 100% (12/12), 1.02 KiB | 0 bytes/s, done.
Total 12 (delta 7), reused 0 (delta 0)
remote: Resolving deltas:   0% (0/7)   [Kremote: Resolving deltas:  14% (1/7)   [Kremote: Resolving deltas:  42% (3/7)   [Kremote: Resolving deltas:  57% (4/7)   [Kremote: Resolving deltas:  71% (5/7)   [Kremote: Resolving deltas:  85% (6/7)   [Kremote: Resolving deltas: 100% (7/7)   [Kremote: Resolving deltas: 100% (7/7), completed with 6 local objects.[K
To https://github.com/gumeo/gumeo.github.io.git
   75de541..a0681e2  master -> master
]0;/home/guei/Documents/gumeo-blog/public]0;guei@comp-nbguei: ~/Documents/gumeo-blog/public[01;32mguei@comp-nbguei[00m:[01;34m~/Documents/gumeo-blog/public[00m$ git pushcommit * -m "hello"
[master 86b7f49] hello
 5 files changed, 15 insertions(+), 15 deletions(-)
]0;/home/guei/Documents/gumeo-blog/public]0;guei@comp-nbguei: ~/Documents/gumeo-blog/public[01;32mguei@comp-nbguei[00m:[01;34m~/Documents/gumeo-blog/public[00m$ git commit * -m "hello"push[K
warning: push.default is unset; its implicit value has changed in
Git 2.0 from 'matching' to 'simple'. To squelch this message
and maintain the traditional behavior, use:

  git config --global push.default matching

To squelch this message and adopt the new behavior now, use:

  git config --global push.default simple

When push.default is set to 'matching', git will push local branches
to the remote branches that already exist with the same name.

Since Git 2.0, Git defaults to the more conservative 'simple'
behavior, which only pushes the current branch to the corresponding
remote branch that 'git pull' uses to update the current branch.

See 'git help config' and search for 'push.default' for further information.
(the 'simple' mode was introduced in Git 1.7.11. Use the similar mode
'current' instead of 'simple' if you sometimes use older versions of Git)

error: cannot run rpostback-askpass: No such file or directory
Username for 'https://github.com': gumeo
error: cannot run rpostback-askpass: No such file or directory
Password for 'https://gumeo@github.com': 
Counting objects: 12, done.
Delta compression using up to 8 threads.
Compressing objects:   9% (1/11)   Compressing objects:  18% (2/11)   Compressing objects:  27% (3/11)   Compressing objects:  36% (4/11)   Compressing objects:  45% (5/11)   Compressing objects:  54% (6/11)   Compressing objects:  63% (7/11)   Compressing objects:  72% (8/11)   Compressing objects:  81% (9/11)   Compressing objects:  90% (10/11)   Compressing objects: 100% (11/11)   Compressing objects: 100% (11/11), done.
Writing objects:   8% (1/12)   Writing objects:  16% (2/12)   Writing objects:  25% (3/12)   Writing objects:  33% (4/12)   Writing objects:  41% (5/12)   Writing objects:  50% (6/12)   Writing objects:  58% (7/12)   Writing objects:  66% (8/12)   Writing objects:  75% (9/12)   Writing objects:  83% (10/12)   Writing objects:  91% (11/12)   Writing objects: 100% (12/12)   Writing objects: 100% (12/12), 1.02 KiB | 0 bytes/s, done.
Total 12 (delta 7), reused 0 (delta 0)
remote: Resolving deltas:   0% (0/7)   [Kremote: Resolving deltas:  14% (1/7)   [Kremote: Resolving deltas:  28% (2/7)   [Kremote: Resolving deltas:  42% (3/7)   [Kremote: Resolving deltas:  57% (4/7)   [Kremote: Resolving deltas:  71% (5/7)   [Kremote: Resolving deltas:  85% (6/7)   [Kremote: Resolving deltas: 100% (7/7)   [Kremote: Resolving deltas: 100% (7/7), completed with 7 local objects.[K
To https://github.com/gumeo/gumeo.github.io.git
   a0681e2..86b7f49  master -> master
]0;/home/guei/Documents/gumeo-blog/public]0;guei@comp-nbguei: ~/Documents/gumeo-blog/public[01;32mguei@comp-nbguei[00m:[01;34m~/Documents/gumeo-blog/public[00m$ git pushcommit * -m "hello"
On branch master
Your branch is up-to-date with 'origin/master'.
nothing to commit, working directory clean
]0;/home/guei/Documents/gumeo-blog/public]0;guei@comp-nbguei: ~/Documents/gumeo-blog/public[01;32mguei@comp-nbguei[00m:[01;34m~/Documents/gumeo-blog/public[00m$ git commit * -m "hello"
On branch master
Your branch is up-to-date with 'origin/master'.
nothing to commit, working directory clean
git commit -m ''j'e'b'b'
On branch master
Your branch is up-to-date with 'origin/master'.
nothing to commit, working directory clean
]0;/home/guei/Documents/gumeo-blog/public]0;guei@comp-nbguei: ~/Documents/gumeo-blog/public[01;32mguei@comp-nbguei[00m:[01;34m~/Documents/gumeo-blog/public[00m$ git commit -m 'jebb'[C[1@ [1@*
On branch master
Your branch is up-to-date with 'origin/master'.
nothing to commit, working directory clean
]0;/home/guei/Documents/gumeo-blog/public]0;guei@comp-nbguei: ~/Documents/gumeo-blog/public[01;32mguei@comp-nbguei[00m:[01;34m~/Documents/gumeo-blog/public[00m$ git commit * -m 'jebb'
On branch master
Your branch is up-to-date with 'origin/master'.
nothing to commit, working directory clean
]0;/home/guei/Documents/gumeo-blog/public]0;guei@comp-nbguei: ~/Documents/gumeo-blog/public[01;32mguei@comp-nbguei[00m:[01;34m~/Documents/gumeo-blog/public[00m$ git commit * -m 'jebb'
On branch master
Your branch is up-to-date with 'origin/master'.
nothing to commit, working directory clean
]0;/home/guei/Documents/gumeo-blog/public]0;guei@comp-nbguei: ~/Documents/gumeo-blog/public[01;32mguei@comp-nbguei[00m:[01;34m~/Documents/gumeo-blog/public[00m$ git add *
]0;/home/guei/Documents/gumeo-blog/public]0;guei@comp-nbguei: ~/Documents/gumeo-blog/public[01;32mguei@comp-nbguei[00m:[01;34m~/Documents/gumeo-blog/public[00m$ git add *commit * -m 'jebb'
On branch master
Your branch is up-to-date with 'origin/master'.
nothing to commit, working directory clean
]0;/home/guei/Documents/gumeo-blog/public]0;guei@comp-nbguei: ~/Documents/gumeo-blog/public[01;32mguei@comp-nbguei[00m:[01;34m~/Documents/gumeo-blog/public[00m$ ll
total 52
drwxrwxr-x  9 guei guei 4096 Nov  7 15:19 [0m[01;34m.[0m/
drwxrwxr-x 10 guei guei 4096 Nov  8 16:10 [01;34m..[0m/
drwxrwxr-x  4 guei guei 4096 Nov  8 15:44 [01;34mcategories[0m/
drwxrwxr-x  2 guei guei 4096 Nov  7 15:19 [01;34mcss[0m/
drwxrwxr-x  8 guei guei 4096 Nov  8 16:12 [01;34m.git[0m/
-rw-rw-r--  1 guei guei 7601 Nov  8 16:12 index.html
-rw-rw-r--  1 guei guei 1139 Nov  8 16:12 index.xml
drwxrwxr-x  2 guei guei 4096 Nov  7 15:19 [01;34mjs[0m/
-rw-rw-r--  1 guei guei    0 Nov  8 15:50 .nojekyll
drwxrwxr-x  3 guei guei 4096 Nov  8 15:44 [01;34mpage[0m/
drwxrwxr-x  5 guei guei 4096 Nov  8 16:12 [01;34mpost[0m/
-rw-rw-r--  1 guei guei  931 Nov  8 16:12 sitemap.xml
drwxrwxr-x  6 guei guei 4096 Nov  8 15:50 [01;34mtags[0m/
]0;/home/guei/Documents/gumeo-blog/public]0;guei@comp-nbguei: ~/Documents/gumeo-blog/public[01;32mguei@comp-nbguei[00m:[01;34m~/Documents/gumeo-blog/public[00m$ git commit * -m ''h'u'g'o'_'b'u'i'l'd'
[master 7ddcfa8] hugo_build
 16 files changed, 65 insertions(+), 65 deletions(-)
]0;/home/guei/Documents/gumeo-blog/public]0;guei@comp-nbguei: ~/Documents/gumeo-blog/public[01;32mguei@comp-nbguei[00m:[01;34m~/Documents/gumeo-blog/public[00m$ git push
warning: push.default is unset; its implicit value has changed in
Git 2.0 from 'matching' to 'simple'. To squelch this message
and maintain the traditional behavior, use:

  git config --global push.default matching

To squelch this message and adopt the new behavior now, use:

  git config --global push.default simple

When push.default is set to 'matching', git will push local branches
to the remote branches that already exist with the same name.

Since Git 2.0, Git defaults to the more conservative 'simple'
behavior, which only pushes the current branch to the corresponding
remote branch that 'git pull' uses to update the current branch.

See 'git help config' and search for 'push.default' for further information.
(the 'simple' mode was introduced in Git 1.7.11. Use the similar mode
'current' instead of 'simple' if you sometimes use older versions of Git)

error: cannot run rpostback-askpass: No such file or directory
Username for 'https://github.com': gumeo
error: cannot run rpostback-askpass: No such file or directory
Password for 'https://gumeo@github.com': 
Counting objects: 32, done.
Delta compression using up to 8 threads.
Compressing objects:   4% (1/23)   Compressing objects:   8% (2/23)   Compressing objects:  13% (3/23)   Compressing objects:  17% (4/23)   Compressing objects:  21% (5/23)   Compressing objects:  26% (6/23)   Compressing objects:  30% (7/23)   Compressing objects:  34% (8/23)   Compressing objects:  39% (9/23)   Compressing objects:  43% (10/23)   Compressing objects:  47% (11/23)   Compressing objects:  52% (12/23)   Compressing objects:  56% (13/23)   Compressing objects:  60% (14/23)   Compressing objects:  65% (15/23)   Compressing objects:  69% (16/23)   Compressing objects:  73% (17/23)   Compressing objects:  78% (18/23)   Compressing objects:  82% (19/23)   Compressing objects:  86% (20/23)   Compressing objects:  91% (21/23)   Compressing objects:  95% (22/23)   Compressing objects: 100% (23/23)   Compressing objects: 100% (23/23), done.
Writing objects:   3% (1/32)   Writing objects:   6% (2/32)   Writing objects:   9% (3/32)   Writing objects:  12% (4/32)   Writing objects:  15% (5/32)   Writing objects:  21% (7/32)   Writing objects:  25% (8/32)   Writing objects:  28% (9/32)   Writing objects:  31% (10/32)   Writing objects:  34% (11/32)   Writing objects:  37% (12/32)   Writing objects:  40% (13/32)   Writing objects:  43% (14/32)   Writing objects:  46% (15/32)   Writing objects:  50% (16/32)   Writing objects:  53% (17/32)   Writing objects:  56% (18/32)   Writing objects:  59% (19/32)   Writing objects:  62% (20/32)   Writing objects:  65% (21/32)   Writing objects:  68% (22/32)   Writing objects:  71% (23/32)   Writing objects:  75% (24/32)   Writing objects:  78% (25/32)   Writing objects:  81% (26/32)   Writing objects:  84% (27/32)   Writing objects:  87% (28/32)   Writing objects:  90% (29/32)   Writing objects:  93% (30/32)   Writing objects:  96% (31/32)   Writing objects: 100% (32/32)   Writing objects: 100% (32/32), 2.53 KiB | 0 bytes/s, done.
Total 32 (delta 17), reused 0 (delta 0)
remote: Resolving deltas:   0% (0/17)   [Kremote: Resolving deltas:  11% (2/17)   [Kremote: Resolving deltas:  35% (6/17)   [Kremote: Resolving deltas:  52% (9/17)   [Kremote: Resolving deltas:  76% (13/17)   [Kremote: Resolving deltas:  82% (14/17)   [Kremote: Resolving deltas:  88% (15/17)   [Kremote: Resolving deltas:  94% (16/17)   [Kremote: Resolving deltas: 100% (17/17)   [Kremote: Resolving deltas: 100% (17/17), completed with 8 local objects.[K
To https://github.com/gumeo/gumeo.github.io.git
   86b7f49..7ddcfa8  master -> master
]0;/home/guei/Documents/gumeo-blog/public]0;guei@comp-nbguei: ~/Documents/gumeo-blog/public[01;32mguei@comp-nbguei[00m:[01;34m~/Documents/gumeo-blog/public[00m$ git pushcommit * -m 'hugo_build'
[master 6170963] hugo_build
 5 files changed, 25 insertions(+), 25 deletions(-)
]0;/home/guei/Documents/gumeo-blog/public]0;guei@comp-nbguei: ~/Documents/gumeo-blog/public[01;32mguei@comp-nbguei[00m:[01;34m~/Documents/gumeo-blog/public[00m$ git commit * -m 'hugo_build'push[K
warning: push.default is unset; its implicit value has changed in
Git 2.0 from 'matching' to 'simple'. To squelch this message
and maintain the traditional behavior, use:

  git config --global push.default matching

To squelch this message and adopt the new behavior now, use:

  git config --global push.default simple

When push.default is set to 'matching', git will push local branches
to the remote branches that already exist with the same name.

Since Git 2.0, Git defaults to the more conservative 'simple'
behavior, which only pushes the current branch to the corresponding
remote branch that 'git pull' uses to update the current branch.

See 'git help config' and search for 'push.default' for further information.
(the 'simple' mode was introduced in Git 1.7.11. Use the similar mode
'current' instead of 'simple' if you sometimes use older versions of Git)

error: cannot run rpostback-askpass: No such file or directory
Username for 'https://github.com': gumeo
error: cannot run rpostback-askpass: No such file or directory
Password for 'https://gumeo@github.com': 
Counting objects: 12, done.
Delta compression using up to 8 threads.
Compressing objects:   9% (1/11)   Compressing objects:  18% (2/11)   Compressing objects:  27% (3/11)   Compressing objects:  36% (4/11)   Compressing objects:  45% (5/11)   Compressing objects:  54% (6/11)   Compressing objects:  63% (7/11)   Compressing objects:  72% (8/11)   Compressing objects:  81% (9/11)   Compressing objects:  90% (10/11)   Compressing objects: 100% (11/11)   Compressing objects: 100% (11/11), done.
Writing objects:   8% (1/12)   Writing objects:  16% (2/12)   Writing objects:  25% (3/12)   Writing objects:  33% (4/12)   Writing objects:  41% (5/12)   Writing objects:  50% (6/12)   Writing objects:  58% (7/12)   Writing objects:  66% (8/12)   Writing objects:  75% (9/12)   Writing objects:  83% (10/12)   Writing objects:  91% (11/12)   Writing objects: 100% (12/12)   Writing objects: 100% (12/12), 1.09 KiB | 0 bytes/s, done.
Total 12 (delta 7), reused 0 (delta 0)
remote: Resolving deltas:   0% (0/7)   [Kremote: Resolving deltas:  14% (1/7)   [Kremote: Resolving deltas:  28% (2/7)   [Kremote: Resolving deltas:  42% (3/7)   [Kremote: Resolving deltas:  57% (4/7)   [Kremote: Resolving deltas:  71% (5/7)   [Kremote: Resolving deltas:  85% (6/7)   [Kremote: Resolving deltas: 100% (7/7)   [Kremote: Resolving deltas: 100% (7/7), completed with 7 local objects.[K
To https://github.com/gumeo/gumeo.github.io.git
   7ddcfa8..6170963  master -> master
]0;/home/guei/Documents/gumeo-blog/public]0;guei@comp-nbguei: ~/Documents/gumeo-blog/public[01;32mguei@comp-nbguei[00m:[01;34m~/Documents/gumeo-blog/public[00m$ git pushcommit * -m 'hugo_build'
[master 0707e1f] hugo_build
 5 files changed, 5 insertions(+), 5 deletions(-)
]0;/home/guei/Documents/gumeo-blog/public]0;guei@comp-nbguei: ~/Documents/gumeo-blog/public[01;32mguei@comp-nbguei[00m:[01;34m~/Documents/gumeo-blog/public[00m$ git commit * -m 'hugo_build'push[K
warning: push.default is unset; its implicit value has changed in
Git 2.0 from 'matching' to 'simple'. To squelch this message
and maintain the traditional behavior, use:

  git config --global push.default matching

To squelch this message and adopt the new behavior now, use:

  git config --global push.default simple

When push.default is set to 'matching', git will push local branches
to the remote branches that already exist with the same name.

Since Git 2.0, Git defaults to the more conservative 'simple'
behavior, which only pushes the current branch to the corresponding
remote branch that 'git pull' uses to update the current branch.

See 'git help config' and search for 'push.default' for further information.
(the 'simple' mode was introduced in Git 1.7.11. Use the similar mode
'current' instead of 'simple' if you sometimes use older versions of Git)

error: cannot run rpostback-askpass: No such file or directory
Username for 'https://github.com': gumeo
error: cannot run rpostback-askpass: No such file or directory
Password for 'https://gumeo@github.com': 
Counting objects: 12, done.
Delta compression using up to 8 threads.
Compressing objects:   9% (1/11)   Compressing objects:  18% (2/11)   Compressing objects:  27% (3/11)   Compressing objects:  36% (4/11)   Compressing objects:  45% (5/11)   Compressing objects:  54% (6/11)   Compressing objects:  63% (7/11)   Compressing objects:  72% (8/11)   Compressing objects:  81% (9/11)   Compressing objects:  90% (10/11)   Compressing objects: 100% (11/11)   Compressing objects: 100% (11/11), done.
Writing objects:   8% (1/12)   Writing objects:  16% (2/12)   Writing objects:  25% (3/12)   Writing objects:  33% (4/12)   Writing objects:  41% (5/12)   Writing objects:  50% (6/12)   Writing objects:  58% (7/12)   Writing objects:  66% (8/12)   Writing objects:  75% (9/12)   Writing objects:  83% (10/12)   Writing objects:  91% (11/12)   Writing objects: 100% (12/12)   Writing objects: 100% (12/12), 1023 bytes | 0 bytes/s, done.
Total 12 (delta 7), reused 0 (delta 0)
remote: Resolving deltas:   0% (0/7)   [Kremote: Resolving deltas:  14% (1/7)   [Kremote: Resolving deltas:  28% (2/7)   [Kremote: Resolving deltas:  42% (3/7)   [Kremote: Resolving deltas:  57% (4/7)   [Kremote: Resolving deltas:  71% (5/7)   [Kremote: Resolving deltas:  85% (6/7)   [Kremote: Resolving deltas: 100% (7/7)   [Kremote: Resolving deltas: 100% (7/7), completed with 7 local objects.[K
To https://github.com/gumeo/gumeo.github.io.git
   6170963..0707e1f  master -> master
]0;/home/guei/Documents/gumeo-blog/public]0;guei@comp-nbguei: ~/Documents/gumeo-blog/public[01;32mguei@comp-nbguei[00m:[01;34m~/Documents/gumeo-blog/public[00m$ ll
total 52
drwxrwxr-x  9 guei guei 4096 Nov  7 15:19 [0m[01;34m.[0m/
drwxrwxr-x 10 guei guei 4096 Nov  8 16:10 [01;34m..[0m/
drwxrwxr-x  4 guei guei 4096 Nov  8 15:44 [01;34mcategories[0m/
drwxrwxr-x  2 guei guei 4096 Nov  7 15:19 [01;34mcss[0m/
drwxrwxr-x  8 guei guei 4096 Nov  8 16:21 [01;34m.git[0m/
-rw-rw-r--  1 guei guei 7757 Nov  8 16:21 index.html
-rw-rw-r--  1 guei guei 1231 Nov  8 16:21 index.xml
drwxrwxr-x  2 guei guei 4096 Nov  7 15:19 [01;34mjs[0m/
-rw-rw-r--  1 guei guei    0 Nov  8 15:50 .nojekyll
drwxrwxr-x  3 guei guei 4096 Nov  8 15:44 [01;34mpage[0m/
drwxrwxr-x  5 guei guei 4096 Nov  8 16:12 [01;34mpost[0m/
-rw-rw-r--  1 guei guei 1092 Nov  8 16:21 sitemap.xml
drwxrwxr-x  6 guei guei 4096 Nov  8 15:50 [01;34mtags[0m/
]0;/home/guei/Documents/gumeo-blog/public]0;guei@comp-nbguei: ~/Documents/gumeo-blog/public[01;32mguei@comp-nbguei[00m:[01;34m~/Documents/gumeo-blog/public[00m$ llgit pushcommit * -m 'hugo_build'
[master 1dc6568] hugo_build
 5 files changed, 25 insertions(+), 25 deletions(-)
]0;/home/guei/Documents/gumeo-blog/public]0;guei@comp-nbguei: ~/Documents/gumeo-blog/public[01;32mguei@comp-nbguei[00m:[01;34m~/Documents/gumeo-blog/public[00m$ git commit * -m 'hugo_build'll[Kgit push
warning: push.default is unset; its implicit value has changed in
Git 2.0 from 'matching' to 'simple'. To squelch this message
and maintain the traditional behavior, use:

  git config --global push.default matching

To squelch this message and adopt the new behavior now, use:

  git config --global push.default simple

When push.default is set to 'matching', git will push local branches
to the remote branches that already exist with the same name.

Since Git 2.0, Git defaults to the more conservative 'simple'
behavior, which only pushes the current branch to the corresponding
remote branch that 'git pull' uses to update the current branch.

See 'git help config' and search for 'push.default' for further information.
(the 'simple' mode was introduced in Git 1.7.11. Use the similar mode
'current' instead of 'simple' if you sometimes use older versions of Git)

error: cannot run rpostback-askpass: No such file or directory
Username for 'https://github.com': gumeo
error: cannot run rpostback-askpass: No such file or directory
Password for 'https://gumeo@github.com': 
Counting objects: 12, done.
Delta compression using up to 8 threads.
Compressing objects:   9% (1/11)   Compressing objects:  18% (2/11)   Compressing objects:  27% (3/11)   Compressing objects:  36% (4/11)   Compressing objects:  45% (5/11)   Compressing objects:  54% (6/11)   Compressing objects:  63% (7/11)   Compressing objects:  72% (8/11)   Compressing objects:  81% (9/11)   Compressing objects:  90% (10/11)   Compressing objects: 100% (11/11)   Compressing objects: 100% (11/11), done.
Writing objects:   8% (1/12)   Writing objects:  16% (2/12)   Writing objects:  25% (3/12)   Writing objects:  33% (4/12)   Writing objects:  41% (5/12)   Writing objects:  50% (6/12)   Writing objects:  58% (7/12)   Writing objects:  66% (8/12)   Writing objects:  75% (9/12)   Writing objects:  83% (10/12)   Writing objects:  91% (11/12)   Writing objects: 100% (12/12)   Writing objects: 100% (12/12), 1.09 KiB | 0 bytes/s, done.
Total 12 (delta 7), reused 0 (delta 0)
remote: Resolving deltas:   0% (0/7)   [Kremote: Resolving deltas:  14% (1/7)   [Kremote: Resolving deltas:  28% (2/7)   [Kremote: Resolving deltas:  42% (3/7)   [Kremote: Resolving deltas:  57% (4/7)   [Kremote: Resolving deltas:  71% (5/7)   [Kremote: Resolving deltas:  85% (6/7)   [Kremote: Resolving deltas: 100% (7/7)   [Kremote: Resolving deltas: 100% (7/7), completed with 7 local objects.[K
To https://github.com/gumeo/gumeo.github.io.git
   0707e1f..1dc6568  master -> master
]0;/home/guei/Documents/gumeo-blog/public]0;guei@comp-nbguei: ~/Documents/gumeo-blog/public[01;32mguei@comp-nbguei[00m:[01;34m~/Documents/gumeo-blog/public[00m$ git pushcommit * -m 'hugo_build'
[master 322b427] hugo_build
 6 files changed, 6 insertions(+), 6 deletions(-)
]0;/home/guei/Documents/gumeo-blog/public]0;guei@comp-nbguei: ~/Documents/gumeo-blog/public[01;32mguei@comp-nbguei[00m:[01;34m~/Documents/gumeo-blog/public[00m$ git commit * -m 'hugo_build'push[K
warning: push.default is unset; its implicit value has changed in
Git 2.0 from 'matching' to 'simple'. To squelch this message
and maintain the traditional behavior, use:

  git config --global push.default matching

To squelch this message and adopt the new behavior now, use:

  git config --global push.default simple

When push.default is set to 'matching', git will push local branches
to the remote branches that already exist with the same name.

Since Git 2.0, Git defaults to the more conservative 'simple'
behavior, which only pushes the current branch to the corresponding
remote branch that 'git pull' uses to update the current branch.

See 'git help config' and search for 'push.default' for further information.
(the 'simple' mode was introduced in Git 1.7.11. Use the similar mode
'current' instead of 'simple' if you sometimes use older versions of Git)

error: cannot run rpostback-askpass: No such file or directory
Username for 'https://github.com': gumeo
error: cannot run rpostback-askpass: No such file or directory
Password for 'https://gumeo@github.com': 
Counting objects: 13, done.
Delta compression using up to 8 threads.
Compressing objects:   8% (1/12)   Compressing objects:  16% (2/12)   Compressing objects:  25% (3/12)   Compressing objects:  33% (4/12)   Compressing objects:  41% (5/12)   Compressing objects:  50% (6/12)   Compressing objects:  58% (7/12)   Compressing objects:  66% (8/12)   Compressing objects:  75% (9/12)   Compressing objects:  83% (10/12)   Compressing objects:  91% (11/12)   Compressing objects: 100% (12/12)   Compressing objects: 100% (12/12), done.
Writing objects:   7% (1/13)   Writing objects:  15% (2/13)   Writing objects:  23% (3/13)   Writing objects:  30% (4/13)   Writing objects:  38% (5/13)   Writing objects:  46% (6/13)   Writing objects:  53% (7/13)   Writing objects:  61% (8/13)   Writing objects:  69% (9/13)   Writing objects:  76% (10/13)   Writing objects:  84% (11/13)   Writing objects:  92% (12/13)   Writing objects: 100% (13/13)   Writing objects: 100% (13/13), 1.15 KiB | 0 bytes/s, done.
Total 13 (delta 7), reused 0 (delta 0)
remote: Resolving deltas:   0% (0/7)   [Kremote: Resolving deltas:  14% (1/7)   [Kremote: Resolving deltas:  28% (2/7)   [Kremote: Resolving deltas:  42% (3/7)   [Kremote: Resolving deltas:  57% (4/7)   [Kremote: Resolving deltas:  71% (5/7)   [Kremote: Resolving deltas:  85% (6/7)   [Kremote: Resolving deltas: 100% (7/7)   [Kremote: Resolving deltas: 100% (7/7), completed with 7 local objects.[K
To https://github.com/gumeo/gumeo.github.io.git
   1dc6568..322b427  master -> master
]0;/home/guei/Documents/gumeo-blog/public]0;guei@comp-nbguei: ~/Documents/gumeo-blog/public[01;32mguei@comp-nbguei[00m:[01;34m~/Documents/gumeo-blog/public[00m$ git push[Kgit pushcommit * -m 'hugo_build'
[master b0d6ed5] hugo_build
 6 files changed, 12 insertions(+), 12 deletions(-)
]0;/home/guei/Documents/gumeo-blog/public]0;guei@comp-nbguei: ~/Documents/gumeo-blog/public[01;32mguei@comp-nbguei[00m:[01;34m~/Documents/gumeo-blog/public[00m$ git commit * -m 'hugo_build'push[K
warning: push.default is unset; its implicit value has changed in
Git 2.0 from 'matching' to 'simple'. To squelch this message
and maintain the traditional behavior, use:

  git config --global push.default matching

To squelch this message and adopt the new behavior now, use:

  git config --global push.default simple

When push.default is set to 'matching', git will push local branches
to the remote branches that already exist with the same name.

Since Git 2.0, Git defaults to the more conservative 'simple'
behavior, which only pushes the current branch to the corresponding
remote branch that 'git pull' uses to update the current branch.

See 'git help config' and search for 'push.default' for further information.
(the 'simple' mode was introduced in Git 1.7.11. Use the similar mode
'current' instead of 'simple' if you sometimes use older versions of Git)

error: cannot run rpostback-askpass: No such file or directory
Username for 'https://github.com': gumeio  o
error: cannot run rpostback-askpass: No such file or directory
Password for 'https://gumeo@github.com': 
Counting objects: 13, done.
Delta compression using up to 8 threads.
Compressing objects:   8% (1/12)   Compressing objects:  16% (2/12)   Compressing objects:  25% (3/12)   Compressing objects:  33% (4/12)   Compressing objects:  41% (5/12)   Compressing objects:  50% (6/12)   Compressing objects:  58% (7/12)   Compressing objects:  66% (8/12)   Compressing objects:  75% (9/12)   Compressing objects:  83% (10/12)   Compressing objects:  91% (11/12)   Compressing objects: 100% (12/12)   Compressing objects: 100% (12/12), done.
Writing objects:   7% (1/13)   Writing objects:  15% (2/13)   Writing objects:  23% (3/13)   Writing objects:  30% (4/13)   Writing objects:  38% (5/13)   Writing objects:  46% (6/13)   Writing objects:  53% (7/13)   Writing objects:  61% (8/13)   Writing objects:  69% (9/13)   Writing objects:  76% (10/13)   Writing objects:  84% (11/13)   Writing objects:  92% (12/13)   Writing objects: 100% (13/13)   Writing objects: 100% (13/13), 1.25 KiB | 0 bytes/s, done.
Total 13 (delta 7), reused 0 (delta 0)
remote: Resolving deltas:   0% (0/7)   [Kremote: Resolving deltas:  14% (1/7)   [Kremote: Resolving deltas:  28% (2/7)   [Kremote: Resolving deltas:  42% (3/7)   [Kremote: Resolving deltas:  57% (4/7)   [Kremote: Resolving deltas:  71% (5/7)   [Kremote: Resolving deltas:  85% (6/7)   [Kremote: Resolving deltas: 100% (7/7)   [Kremote: Resolving deltas: 100% (7/7), completed with 7 local objects.[K
To https://github.com/gumeo/gumeo.github.io.git
   322b427..b0d6ed5  master -> master
]0;/home/guei/Documents/gumeo-blog/public]0;guei@comp-nbguei: ~/Documents/gumeo-blog/public[01;32mguei@comp-nbguei[00m:[01;34m~/Documents/gumeo-blog/public[00m$ (i-search)`': [K]0;guei@comp-nbguei: ~/Documents/gumeo-blog/public[01;32mguei@comp-nbguei[00m:[01;34m~/Documents/gumeo-blog/public[00m$ 
]0;/home/guei/Documents/gumeo-blog/public]0;guei@comp-nbguei: ~/Documents/gumeo-blog/public[01;32mguei@comp-nbguei[00m:[01;34m~/Documents/gumeo-blog/public[00m$ git push
warning: push.default is unset; its implicit value has changed in
Git 2.0 from 'matching' to 'simple'. To squelch this message
and maintain the traditional behavior, use:

  git config --global push.default matching

To squelch this message and adopt the new behavior now, use:

  git config --global push.default simple

When push.default is set to 'matching', git will push local branches
to the remote branches that already exist with the same name.

Since Git 2.0, Git defaults to the more conservative 'simple'
behavior, which only pushes the current branch to the corresponding
remote branch that 'git pull' uses to update the current branch.

See 'git help config' and search for 'push.default' for further information.
(the 'simple' mode was introduced in Git 1.7.11. Use the similar mode
'current' instead of 'simple' if you sometimes use older versions of Git)

error: cannot run rpostback-askpass: No such file or directory
Username for 'https://github.com': gumeo
error: cannot run rpostback-askpass: No such file or directory
Password for 'https://gumeo@github.com': 
Everything up-to-date
]0;/home/guei/Documents/gumeo-blog/public]0;guei@comp-nbguei: ~/Documents/gumeo-blog/public[01;32mguei@comp-nbguei[00m:[01;34m~/Documents/gumeo-blog/public[00m$ git[K[K[Kgit pushcommit * -m 'hugo_build'
[master cf4b80f] hugo_build
 6 files changed, 6 insertions(+), 208 deletions(-)
]0;/home/guei/Documents/gumeo-blog/public]0;guei@comp-nbguei: ~/Documents/gumeo-blog/public[01;32mguei@comp-nbguei[00m:[01;34m~/Documents/gumeo-blog/public[00m$ git commit * -m 'hugo_build'push[K
warning: push.default is unset; its implicit value has changed in
Git 2.0 from 'matching' to 'simple'. To squelch this message
and maintain the traditional behavior, use:

  git config --global push.default matching

To squelch this message and adopt the new behavior now, use:

  git config --global push.default simple

When push.default is set to 'matching', git will push local branches
to the remote branches that already exist with the same name.

Since Git 2.0, Git defaults to the more conservative 'simple'
behavior, which only pushes the current branch to the corresponding
remote branch that 'git pull' uses to update the current branch.

See 'git help config' and search for 'push.default' for further information.
(the 'simple' mode was introduced in Git 1.7.11. Use the similar mode
'current' instead of 'simple' if you sometimes use older versions of Git)

error: cannot run rpostback-askpass: No such file or directory
Username for 'https://github.com': gumeo
error: cannot run rpostback-askpass: No such file or directory
Password for 'https://gumeo@github.com': 
remote: Invalid username or password.
fatal: Authentication failed for 'https://github.com/gumeo/gumeo.github.io.git/'
]0;/home/guei/Documents/gumeo-blog/public]0;guei@comp-nbguei: ~/Documents/gumeo-blog/public[01;32mguei@comp-nbguei[00m:[01;34m~/Documents/gumeo-blog/public[00m$ git push
warning: push.default is unset; its implicit value has changed in
Git 2.0 from 'matching' to 'simple'. To squelch this message
and maintain the traditional behavior, use:

  git config --global push.default matching

To squelch this message and adopt the new behavior now, use:

  git config --global push.default simple

When push.default is set to 'matching', git will push local branches
to the remote branches that already exist with the same name.

Since Git 2.0, Git defaults to the more conservative 'simple'
behavior, which only pushes the current branch to the corresponding
remote branch that 'git pull' uses to update the current branch.

See 'git help config' and search for 'push.default' for further information.
(the 'simple' mode was introduced in Git 1.7.11. Use the similar mode
'current' instead of 'simple' if you sometimes use older versions of Git)

error: cannot run rpostback-askpass: No such file or directory
Username for 'https://github.com': gumeo
error: cannot run rpostback-askpass: No such file or directory
Password for 'https://gumeo@github.com': 
Counting objects: 13, done.
Delta compression using up to 8 threads.
Compressing objects:   8% (1/12)   Compressing objects:  16% (2/12)   Compressing objects:  25% (3/12)   Compressing objects:  33% (4/12)   Compressing objects:  41% (5/12)   Compressing objects:  50% (6/12)   Compressing objects:  58% (7/12)   Compressing objects:  66% (8/12)   Compressing objects:  75% (9/12)   Compressing objects:  83% (10/12)   Compressing objects:  91% (11/12)   Compressing objects: 100% (12/12)   Compressing objects: 100% (12/12), done.
Writing objects:   7% (1/13)   Writing objects:  15% (2/13)   Writing objects:  23% (3/13)   Writing objects:  30% (4/13)   Writing objects:  46% (6/13)   Writing objects:  53% (7/13)   Writing objects:  61% (8/13)   Writing objects:  69% (9/13)   Writing objects:  76% (10/13)   Writing objects:  84% (11/13)   Writing objects:  92% (12/13)   Writing objects: 100% (13/13)   Writing objects: 100% (13/13), 1.43 KiB | 0 bytes/s, done.
Total 13 (delta 7), reused 0 (delta 0)
remote: Resolving deltas:   0% (0/7)   [Kremote: Resolving deltas:  14% (1/7)   [Kremote: Resolving deltas:  71% (5/7)   [Kremote: Resolving deltas:  85% (6/7)   [Kremote: Resolving deltas: 100% (7/7)   [Kremote: Resolving deltas: 100% (7/7), completed with 4 local objects.[K
To https://github.com/gumeo/gumeo.github.io.git
   b0d6ed5..cf4b80f  master -> master
]0;/home/guei/Documents/gumeo-blog/public]0;guei@comp-nbguei: ~/Documents/gumeo-blog/public[01;32mguei@comp-nbguei[00m:[01;34m~/Documents/gumeo-blog/public[00m$ git pushcommit * -m 'hugo_build'push[Kcommit * -m 'hugo_build'
On branch master
Your branch is up-to-date with 'origin/master'.
nothing to commit, working directory clean
]0;/home/guei/Documents/gumeo-blog/public]0;guei@comp-nbguei: ~/Documents/gumeo-blog/public[01;32mguei@comp-nbguei[00m:[01;34m~/Documents/gumeo-blog/public[00m$ git commit * -m 'hugo_build'push[Kcommit * -m 'hugo_build'[Kgit commit * -m 'hugo_build'push[Kcommit * -m 'hugo_build'
[master 0218aed] hugo_build
 10 files changed, 11 insertions(+), 22 deletions(-)
]0;/home/guei/Documents/gumeo-blog/public]0;guei@comp-nbguei: ~/Documents/gumeo-blog/public[01;32mguei@comp-nbguei[00m:[01;34m~/Documents/gumeo-blog/public[00m$ git commit * -m 'hugo_build'push[K
warning: push.default is unset; its implicit value has changed in
Git 2.0 from 'matching' to 'simple'. To squelch this message
and maintain the traditional behavior, use:

  git config --global push.default matching

To squelch this message and adopt the new behavior now, use:

  git config --global push.default simple

When push.default is set to 'matching', git will push local branches
to the remote branches that already exist with the same name.

Since Git 2.0, Git defaults to the more conservative 'simple'
behavior, which only pushes the current branch to the corresponding
remote branch that 'git pull' uses to update the current branch.

See 'git help config' and search for 'push.default' for further information.
(the 'simple' mode was introduced in Git 1.7.11. Use the similar mode
'current' instead of 'simple' if you sometimes use older versions of Git)

error: cannot run rpostback-askpass: No such file or directory
Username for 'https://github.com': gumeo
error: cannot run rpostback-askpass: No such file or directory
Password for 'https://gumeo@github.com': 
Counting objects: 17, done.
Delta compression using up to 8 threads.
Compressing objects:   6% (1/16)   Compressing objects:  12% (2/16)   Compressing objects:  18% (3/16)   Compressing objects:  25% (4/16)   Compressing objects:  31% (5/16)   Compressing objects:  37% (6/16)   Compressing objects:  43% (7/16)   Compressing objects:  50% (8/16)   Compressing objects:  56% (9/16)   Compressing objects:  62% (10/16)   Compressing objects:  68% (11/16)   Compressing objects:  75% (12/16)   Compressing objects:  81% (13/16)   Compressing objects:  87% (14/16)   Compressing objects:  93% (15/16)   Compressing objects: 100% (16/16)   Compressing objects: 100% (16/16), done.
Writing objects:   5% (1/17)   Writing objects:  11% (2/17)   Writing objects:  17% (3/17)   Writing objects:  23% (4/17)   Writing objects:  35% (6/17)   Writing objects:  47% (8/17)   Writing objects:  52% (9/17)   Writing objects:  58% (10/17)   Writing objects:  64% (11/17)   Writing objects:  70% (12/17)   Writing objects:  76% (13/17)   Writing objects:  82% (14/17)   Writing objects:  88% (15/17)   Writing objects:  94% (16/17)   Writing objects: 100% (17/17)   Writing objects: 100% (17/17), 1.94 KiB | 0 bytes/s, done.
Total 17 (delta 11), reused 0 (delta 0)
remote: Resolving deltas:   0% (0/11)   [Kremote: Resolving deltas:   9% (1/11)   [Kremote: Resolving deltas:  45% (5/11)   [Kremote: Resolving deltas:  81% (9/11)   [Kremote: Resolving deltas:  90% (10/11)   [Kremote: Resolving deltas: 100% (11/11)   [Kremote: Resolving deltas: 100% (11/11), completed with 5 local objects.[K
To https://github.com/gumeo/gumeo.github.io.git
   cf4b80f..0218aed  master -> master
]0;/home/guei/Documents/gumeo-blog/public]0;guei@comp-nbguei: ~/Documents/gumeo-blog/public[01;32mguei@comp-nbguei[00m:[01;34m~/Documents/gumeo-blog/public[00m$ cd ..
]0;/home/guei/Documents/gumeo-blog]0;guei@comp-nbguei: ~/Documents/gumeo-blog[01;32mguei@comp-nbguei[00m:[01;34m~/Documents/gumeo-blog[00m$ ls
[0m[01;34marchetypes[0m  config.toml  [01;34mcontent[0m  [01;34mdata[0m  gumeo-blog.Rproj  index.Rmd  [01;34mlayouts[0m  [01;34mpublic[0m  [01;34mstatic[0m  [01;34mthemes[0m
]0;/home/guei/Documents/gumeo-blog]0;guei@comp-nbguei: ~/Documents/gumeo-blog[01;32mguei@comp-nbguei[00m:[01;34m~/Documents/gumeo-blog[00m$ git init
Initialized empty Git repository in /home/guei/Documents/gumeo-blog/.git/
]0;/home/guei/Documents/gumeo-blog]0;guei@comp-nbguei: ~/Documents/gumeo-blog[01;32mguei@comp-nbguei[00m:[01;34m~/Documents/gumeo-blog[00m$ '[Kgit remote add origin git@github.com:gumeo/sourceForBlog.git
]0;/home/guei/Documents/gumeo-blog]0;guei@comp-nbguei: ~/Documents/gumeo-blog[01;32mguei@comp-nbguei[00m:[01;34m~/Documents/gumeo-blog[00m$ git push -u origin master
error: src refspec master does not match any.
error: failed to push some refs to 'git@github.com:gumeo/sourceForBlog.git'
]0;/home/guei/Documents/gumeo-blog]0;guei@comp-nbguei: ~/Documents/gumeo-blog[01;32mguei@comp-nbguei[00m:[01;34m~/Documents/gumeo-blog[00m$ git add *
]0;/home/guei/Documents/gumeo-blog]0;guei@comp-nbguei: ~/Documents/gumeo-blog[01;32mguei@comp-nbguei[00m:[01;34m~/Documents/gumeo-blog[00m$ git push[K[K[K[Kco0mm[K[K[Kmmit * -m ''i'n'i't'i'a'l' 'c'o'm'm'i't',' 't'h'i's' 'i's' 't'h'e' 's'o'u'r'c'e' 'f'o'r' 'm'y' 'b'l'o'g' 'g'u'm'e'o'.'g'i't'h'u'b'.'i'o'.' 'I' 'a'm' 'p'u't't' [A]0;guei@comp-nbguei: ~/Documents/gumeo-blog[01;32mguei@comp-nbguei[00m:[01;34m~/Documents/gumeo-blog[00m$ [C[C[C[C[C[C[C[C[C[C[C[C[C[C[C[C[C[C[C[C[C[C[C[C[C[C[C[C[C[C[C[C[C[C[C[C[C[C[C[C[C[C[C[C[C[C[C[C[C[C[C[C[C[C[C[C[C[C[C[C[C[C[C[C[C[C[C[C[C[C[C[C[C[C[C[C[C[C[C[C[C[C[C[C[C[C[C[C[C[Ci''n'g' 't'h'e' 's'o'u'r'c'e' 'o'n' 'g'i't'h'u'b' 's'o' 'I' 'c'a'n' 'b'a's'i'c'a'l'l'y' 'u'p'd'a't'e' '[1P'[1P'[1P'[1P'[1P'[1P'[1P'w'r'i't'e' 't'h'e' 'b'l'o'g' 'f'r'o'm' 'a'n'y'w'h'e'r'e'
error: pathspec 'archetypes' did not match any file(s) known to git.
error: pathspec 'data' did not match any file(s) known to git.
error: pathspec 'layouts' did not match any file(s) known to git.
]0;/home/guei/Documents/gumeo-blog]0;guei@comp-nbguei: ~/Documents/gumeo-blog[01;32mguei@comp-nbguei[00m:[01;34m~/Documents/gumeo-blog[00m$ git commit * -m 'initial commit, this is the source for my blog gumeo.github.io. I am puttinng the source on github so I can basically write the blog from anywhere'[Aadd *[K
[K[A[C[C[C[C[C[C[C[C[C[C[C[C[C[C[C[C[C[C[C[C[C[C[C[C[C[C[C[C[C[C[C[C[C[C[C[C[C[C[C[C[C[C[C[C[C[C[C[C[C[C-*r* *
error: unknown switch `r'
usage: git add [<options>] [--] <pathspec>...

    -n, --dry-run         dry run
    -v, --verbose         be verbose

    -i, --interactive     interactive picking
    -p, --patch           select hunks interactively
    -e, --edit            edit current diff and apply
    -f, --force           allow adding otherwise ignored files
    -u, --update          update tracked files
    -N, --intent-to-add   record only the fact that the path will be added later
    -A, --all             add changes from all tracked and untracked files
    --ignore-removal      ignore paths removed in the working tree (same as --no-all)
    --refresh             don't add, only refresh the index
    --ignore-errors       just skip files which cannot be added because of errors
    --ignore-missing      check if - even missing - files are ignored in dry run

]0;/home/guei/Documents/gumeo-blog]0;guei@comp-nbguei: ~/Documents/gumeo-blog[01;32mguei@comp-nbguei[00m:[01;34m~/Documents/gumeo-blog[00m$ git push -u origin master
error: src refspec master does not match any.
error: failed to push some refs to 'git@github.com:gumeo/sourceForBlog.git'
]0;/home/guei/Documents/gumeo-blog]0;guei@comp-nbguei: ~/Documents/gumeo-blog[01;32mguei@comp-nbguei[00m:[01;34m~/Documents/gumeo-blog[00m$ gir[Kt add .
]0;/home/guei/Documents/gumeo-blog]0;guei@comp-nbguei: ~/Documents/gumeo-blog[01;32mguei@comp-nbguei[00m:[01;34m~/Documents/gumeo-blog[00m$ git add .push -u origin master[13Padd -r *commit * -m 'initial commit, this is the source for my blog gumeo.github.io. I am puttinng the source on github so I can basically write the blog from anywhere'
error: pathspec 'archetypes' did not match any file(s) known to git.
error: pathspec 'data' did not match any file(s) known to git.
error: pathspec 'layouts' did not match any file(s) known to git.
]0;/home/guei/Documents/gumeo-blog]0;guei@comp-nbguei: ~/Documents/gumeo-blog[01;32mguei@comp-nbguei[00m:[01;34m~/Documents/gumeo-blog[00m$ git commit -m "initial commit"
[master (root-commit) fe630f7] initial commit
 60 files changed, 2545 insertions(+)
 create mode 100644 .Rhistory
 create mode 100644 .Rproj.user/75F39975/console06/910B0F80
 create mode 100644 .Rproj.user/75F39975/console06/910B0F80.env
 create mode 100644 .Rproj.user/75F39975/console06/INDEX001
 create mode 100644 .Rproj.user/75F39975/pcs/files-pane.pper
 create mode 100644 .Rproj.user/75F39975/pcs/source-pane.pper
 create mode 100644 .Rproj.user/75F39975/pcs/windowlayoutstate.pper
 create mode 100644 .Rproj.user/75F39975/pcs/workbench-pane.pper
 create mode 100644 .Rproj.user/75F39975/rmd-outputs
 create mode 100644 .Rproj.user/75F39975/saved_source_markers
 create mode 100644 .Rproj.user/75F39975/sources/prop/41277272
 create mode 100644 .Rproj.user/75F39975/sources/prop/600A8733
 create mode 100644 .Rproj.user/75F39975/sources/prop/8538D86B
 create mode 100644 .Rproj.user/75F39975/sources/prop/E32B279F
 create mode 100644 .Rproj.user/75F39975/sources/prop/F500291A
 create mode 100644 .Rproj.user/75F39975/sources/prop/INDEX
 create mode 100644 .Rproj.user/75F39975/sources/s-D55EF8D6/35D6E29A
 create mode 100644 .Rproj.user/75F39975/sources/s-D55EF8D6/35D6E29A-contents
 create mode 100644 .Rproj.user/75F39975/sources/s-D55EF8D6/5DFB3ECB
 create mode 100644 .Rproj.user/75F39975/sources/s-D55EF8D6/5DFB3ECB-contents
 create mode 100644 .Rproj.user/75F39975/sources/s-D55EF8D6/lock_file
 create mode 100644 .Rproj.user/shared/notebooks/E18F9C80-2015-07-23-r-rmarkdown/1/75F399751D05736F/chunks.json
 create mode 100644 .Rproj.user/shared/notebooks/E18F9C80-2015-07-23-r-rmarkdown/1/75F39975A6107233/chunks.json
 create mode 100644 .Rproj.user/shared/notebooks/E18F9C80-2015-07-23-r-rmarkdown/1/75F39975D55EF8D6/chunks.json
 create mode 100644 .Rproj.user/shared/notebooks/E18F9C80-2015-07-23-r-rmarkdown/1/s/chunks.json
 create mode 100644 .Rproj.user/shared/notebooks/patch-chunk-names
 create mode 100644 .Rproj.user/shared/notebooks/paths
 create mode 100644 config.toml
 create mode 100644 content/post/2015-07-23-r-rmarkdown.Rmd
 create mode 100644 content/post/2015-07-23-r-rmarkdown.html
 create mode 100644 gumeo-blog.Rproj
 create mode 100644 index.Rmd
 create mode 160000 public
 create mode 100644 static/post/2015-07-23-r-rmarkdown_files/figure-html/pie-1.png
 create mode 100644 themes/purehugo/.gitignore
 create mode 100644 themes/purehugo/LICENSE.md
 create mode 100644 themes/purehugo/README.md
 create mode 100644 themes/purehugo/archetypes/default.md
 create mode 100644 themes/purehugo/assets/css/blog.css
 create mode 100644 themes/purehugo/assets/css/syntax-highlighter.css
 create mode 100644 themes/purehugo/assets/js/jquery.min.js
 create mode 100644 themes/purehugo/assets/js/jquery.prettysocial.min.js
 create mode 100644 themes/purehugo/assets/js/rainbow-custom.min.js
 create mode 100644 themes/purehugo/assets/js/scripts.js
 create mode 100644 themes/purehugo/gulpfile.js
 create mode 100644 themes/purehugo/images/screenshot.png
 create mode 100644 themes/purehugo/images/tn.png
 create mode 100644 themes/purehugo/layouts/_default/list.html
 create mode 100644 themes/purehugo/layouts/_default/single.html
 create mode 100644 themes/purehugo/layouts/index.html
 create mode 100644 themes/purehugo/layouts/partials/analytics.html
 create mode 100644 themes/purehugo/layouts/partials/footer.html
 create mode 100644 themes/purehugo/layouts/partials/header.html
 create mode 100644 themes/purehugo/layouts/partials/pagination.html
 create mode 100644 themes/purehugo/layouts/partials/sidebar.html
 create mode 100644 themes/purehugo/layouts/shortcodes/img-responsive.html
 create mode 100644 themes/purehugo/package.json
 create mode 100644 themes/purehugo/static/css/all.min.css
 create mode 100644 themes/purehugo/static/js/all.min.js
 create mode 100644 themes/purehugo/theme.toml
]0;/home/guei/Documents/gumeo-blog]0;guei@comp-nbguei: ~/Documents/gumeo-blog[01;32mguei@comp-nbguei[00m:[01;34m~/Documents/gumeo-blog[00m$ git commit -m "initial commit"* -m 'initial commit, this is the source for my blog gumeo.github.io. I am puttinng the source on github so I can basically write the blog from anywhere'[A-m "initial commit"[K
[K[A[C[C[C[C[C[C[C[C[C[C[C[C[C[C[C[C[C[C[C[C[C[C[C[C[C[C[C[C[C[C[C[C[C[C[C[C[C[C[C[C[C[C[C[C[C[C[C[C[C[C[C[C[C[C[C[C[C[C[C[C[C[C[C[C[C[C[C[C[C[C[C[Kgit push origin master
Counting objects: 91, done.
Delta compression using up to 8 threads.
Compressing objects:   1% (1/72)   Compressing objects:   2% (2/72)   Compressing objects:   4% (3/72)   Compressing objects:   5% (4/72)   Compressing objects:   6% (5/72)   Compressing objects:   8% (6/72)   Compressing objects:   9% (7/72)   Compressing objects:  11% (8/72)   Compressing objects:  12% (9/72)   Compressing objects:  13% (10/72)   Compressing objects:  15% (11/72)   Compressing objects:  16% (12/72)   Compressing objects:  18% (13/72)   Compressing objects:  19% (14/72)   Compressing objects:  20% (15/72)   Compressing objects:  22% (16/72)   Compressing objects:  23% (17/72)   Compressing objects:  25% (18/72)   Compressing objects:  26% (19/72)   Compressing objects:  27% (20/72)   Compressing objects:  29% (21/72)   Compressing objects:  30% (22/72)   Compressing objects:  31% (23/72)   Compressing objects:  33% (24/72)   Compressing objects:  34% (25/72)   Compressing objects:  36% (26/72)   Compressing objects:  37% (27/72)   Compressing objects:  38% (28/72)   Compressing objects:  40% (29/72)   Compressing objects:  41% (30/72)   Compressing objects:  43% (31/72)   Compressing objects:  44% (32/72)   Compressing objects:  45% (33/72)   Compressing objects:  47% (34/72)   Compressing objects:  48% (35/72)   Compressing objects:  50% (36/72)   Compressing objects:  51% (37/72)   Compressing objects:  52% (38/72)   Compressing objects:  54% (39/72)   Compressing objects:  55% (40/72)   Compressing objects:  56% (41/72)   Compressing objects:  58% (42/72)   Compressing objects:  59% (43/72)   Compressing objects:  61% (44/72)   Compressing objects:  62% (45/72)   Compressing objects:  63% (46/72)   Compressing objects:  65% (47/72)   Compressing objects:  66% (48/72)   Compressing objects:  68% (49/72)   Compressing objects:  69% (50/72)   Compressing objects:  70% (51/72)   Compressing objects:  72% (52/72)   Compressing objects:  73% (53/72)   Compressing objects:  75% (54/72)   Compressing objects:  76% (55/72)   Compressing objects:  77% (56/72)   Compressing objects:  79% (57/72)   Compressing objects:  80% (58/72)   Compressing objects:  81% (59/72)   Compressing objects:  83% (60/72)   Compressing objects:  84% (61/72)   Compressing objects:  86% (62/72)   Compressing objects:  87% (63/72)   Compressing objects:  88% (64/72)   Compressing objects:  90% (65/72)   Compressing objects:  91% (66/72)   Compressing objects:  93% (67/72)   Compressing objects:  94% (68/72)   Compressing objects:  95% (69/72)   Compressing objects:  97% (70/72)   Compressing objects:  98% (71/72)   Compressing objects: 100% (72/72)   Compressing objects: 100% (72/72), done.
Writing objects:   1% (1/91)   Writing objects:   2% (2/91)   Writing objects:   3% (3/91)   Writing objects:   4% (4/91)   Writing objects:   5% (5/91)   Writing objects:   6% (6/91)   Writing objects:   7% (7/91)   Writing objects:   8% (8/91)   Writing objects:   9% (9/91)   Writing objects:  10% (10/91)   Writing objects:  12% (11/91)   Writing objects:  13% (12/91)   Writing objects:  14% (13/91)   Writing objects:  15% (14/91)   Writing objects:  16% (15/91)   Writing objects:  17% (16/91)   Writing objects:  18% (17/91)   Writing objects:  19% (18/91)   Writing objects:  20% (19/91)   Writing objects:  21% (20/91)   Writing objects:  23% (21/91)   Writing objects:  24% (22/91)   Writing objects:  25% (23/91)   Writing objects:  26% (24/91)   Writing objects:  27% (25/91)   Writing objects:  29% (27/91)   Writing objects:  30% (28/91)   Writing objects:  31% (29/91)   Writing objects:  32% (30/91)   Writing objects:  34% (31/91)   Writing objects:  35% (32/91)   Writing objects:  36% (33/91)   Writing objects:  37% (34/91)   Writing objects:  38% (35/91)   Writing objects:  39% (36/91)   Writing objects:  40% (37/91)   Writing objects:  41% (38/91)   Writing objects:  42% (39/91)   Writing objects:  43% (40/91)   Writing objects:  45% (41/91)   Writing objects:  46% (42/91)   Writing objects:  47% (43/91)   Writing objects:  48% (44/91)   Writing objects:  49% (45/91)   Writing objects:  50% (46/91)   Writing objects:  51% (47/91)   Writing objects:  52% (48/91)   Writing objects:  53% (49/91)   Writing objects:  54% (50/91)   Writing objects:  56% (51/91)   Writing objects:  57% (52/91)   Writing objects:  58% (53/91)   Writing objects:  59% (54/91)   Writing objects:  60% (55/91)   Writing objects:  61% (56/91)   Writing objects:  62% (57/91)   Writing objects:  63% (58/91)   Writing objects:  64% (59/91)   Writing objects:  65% (60/91)   Writing objects:  67% (61/91)   Writing objects:  68% (62/91)   Writing objects:  69% (63/91)   Writing objects:  70% (64/91)   Writing objects:  71% (65/91)   Writing objects:  72% (66/91)   Writing objects:  73% (67/91)   Writing objects:  74% (68/91)   Writing objects:  75% (69/91)   Writing objects:  76% (70/91)   Writing objects:  78% (71/91)   Writing objects:  79% (72/91)   Writing objects:  80% (73/91)   Writing objects:  82% (75/91)   Writing objects:  83% (76/91)   Writing objects:  84% (77/91)   Writing objects:  85% (78/91)   Writing objects:  86% (79/91)   Writing objects:  87% (80/91)   Writing objects:  89% (81/91)   Writing objects:  90% (82/91)   Writing objects:  91% (83/91)   Writing objects:  92% (84/91)   Writing objects:  93% (85/91)   Writing objects:  94% (86/91)   Writing objects:  95% (87/91)   Writing objects:  96% (88/91)   Writing objects:  97% (89/91)   Writing objects:  98% (90/91)   Writing objects: 100% (91/91)   Writing objects: 100% (91/91), 312.72 KiB | 0 bytes/s, done.
Total 91 (delta 2), reused 0 (delta 0)
remote: Resolving deltas:   0% (0/2)   [Kremote: Resolving deltas:  50% (1/2)   [Kremote: Resolving deltas: 100% (2/2)   [Kremote: Resolving deltas: 100% (2/2), done.[K
To git@github.com:gumeo/sourceForBlog.git
 * [new branch]      master -> master
]0;/home/guei/Documents/gumeo-blog]0;guei@comp-nbguei: ~/Documents/gumeo-blog[01;32mguei@comp-nbguei[00m:[01;34m~/Documents/gumeo-blog[00m$ git add archetypes/
]0;/home/guei/Documents/gumeo-blog]0;guei@comp-nbguei: ~/Documents/gumeo-blog[01;32mguei@comp-nbguei[00m:[01;34m~/Documents/gumeo-blog[00m$ git commit -m ''a'd'd'i'n'g' 'a'r'c'h'e't'y'p'e's'
On branch master
Changes not staged for commit:
	[31mmodified:   .Rproj.user/75F39975/console06/910B0F80[m

no changes added to commit
]0;/home/guei/Documents/gumeo-blog]0;guei@comp-nbguei: ~/Documents/gumeo-blog[01;32mguei@comp-nbguei[00m:[01;34m~/Documents/gumeo-blog[00m$ git commit -m 'adding archetypes'[K[K[K[K[K[K[K[K[K[K[K[K[K[K[K[K[K[K[K[K[K[K[K[K[K[K[K[K[K[K[K[K[Kgit add .Rproj.user/75F39975/console06/910B0F80 
]0;/home/guei/Documents/gumeo-blog]0;guei@comp-nbguei: ~/Documents/gumeo-blog[01;32mguei@comp-nbguei[00m:[01;34m~/Documents/gumeo-blog[00m$ git add .Rproj.user/75F39975/console06/910B0F80 [15Pcommit -m 'adding archetypes'
[master 76e51ba] adding archetypes
 1 file changed, 86 insertions(+), 1 deletion(-)
]0;/home/guei/Documents/gumeo-blog]0;guei@comp-nbguei: ~/Documents/gumeo-blog[01;32mguei@comp-nbguei[00m:[01;34m~/Documents/gumeo-blog[00m$ git push
warning: push.default is unset; its implicit value has changed in
Git 2.0 from 'matching' to 'simple'. To squelch this message
and maintain the traditional behavior, use:

  git config --global push.default matching

To squelch this message and adopt the new behavior now, use:

  git config --global push.default simple

When push.default is set to 'matching', git will push local branches
to the remote branches that already exist with the same name.

Since Git 2.0, Git defaults to the more conservative 'simple'
behavior, which only pushes the current branch to the corresponding
remote branch that 'git pull' uses to update the current branch.

See 'git help config' and search for 'push.default' for further information.
(the 'simple' mode was introduced in Git 1.7.11. Use the similar mode
'current' instead of 'simple' if you sometimes use older versions of Git)

fatal: The current branch master has no upstream branch.
To push the current branch and set the remote as upstream, use

    git push --set-upstream origin master

]0;/home/guei/Documents/gumeo-blog]0;guei@comp-nbguei: ~/Documents/gumeo-blog[01;32mguei@comp-nbguei[00m:[01;34m~/Documents/gumeo-blog[00m$ git push --set-upstream origin master
Counting objects: 6, done.
Delta compression using up to 8 threads.
Compressing objects:  16% (1/6)   Compressing objects:  33% (2/6)   Compressing objects:  50% (3/6)   Compressing objects:  66% (4/6)   Compressing objects:  83% (5/6)   Compressing objects: 100% (6/6)   Compressing objects: 100% (6/6), done.
Writing objects:  16% (1/6)   Writing objects:  33% (2/6)   Writing objects:  50% (3/6)   Writing objects:  66% (4/6)   Writing objects:  83% (5/6)   Writing objects: 100% (6/6)   Writing objects: 100% (6/6), 2.68 KiB | 0 bytes/s, done.
Total 6 (delta 3), reused 0 (delta 0)
remote: Resolving deltas:   0% (0/3)   [Kremote: Resolving deltas:  33% (1/3)   [Kremote: Resolving deltas:  66% (2/3)   [Kremote: Resolving deltas: 100% (3/3)   [Kremote: Resolving deltas: 100% (3/3), completed with 3 local objects.[K
To git@github.com:gumeo/sourceForBlog.git
   fe630f7..76e51ba  master -> master
Branch master set up to track remote branch master from origin.
]0;/home/guei/Documents/gumeo-blog]0;guei@comp-nbguei: ~/Documents/gumeo-blog[01;32mguei@comp-nbguei[00m:[01;34m~/Documents/gumeo-blog[00m$ cd archetypes/
]0;/home/guei/Documents/gumeo-blog/archetypes]0;guei@comp-nbguei: ~/Documents/gumeo-blog/archetypes[01;32mguei@comp-nbguei[00m:[01;34m~/Documents/gumeo-blog/archetypes[00m$ ll
total 8
drwxrwxr-x  2 guei guei 4096 Nov  7 15:19 [0m[01;34m.[0m/
drwxrwxr-x 11 guei guei 4096 Nov  8 16:44 [01;34m..[0m/
]0;/home/guei/Documents/gumeo-blog/archetypes]0;guei@comp-nbguei: ~/Documents/gumeo-blog/archetypes[01;32mguei@comp-nbguei[00m:[01;34m~/Documents/gumeo-blog/archetypes[00m$ cd ..
]0;/home/guei/Documents/gumeo-blog]0;guei@comp-nbguei: ~/Documents/gumeo-blog[01;32mguei@comp-nbguei[00m:[01;34m~/Documents/gumeo-blog[00m$ ls
[0m[01;34marchetypes[0m  config.toml  [01;34mcontent[0m  [01;34mdata[0m  gumeo-blog.Rproj  index.Rmd  [01;34mlayouts[0m  [01;34mpublic[0m  [01;34mstatic[0m  [01;34mthemes[0m
]0;/home/guei/Documents/gumeo-blog]0;guei@comp-nbguei: ~/Documents/gumeo-blog[01;32mguei@comp-nbguei[00m:[01;34m~/Documents/gumeo-blog[00m$ cd data
]0;/home/guei/Documents/gumeo-blog/data]0;guei@comp-nbguei: ~/Documents/gumeo-blog/data[01;32mguei@comp-nbguei[00m:[01;34m~/Documents/gumeo-blog/data[00m$ ll
total 8
drwxrwxr-x  2 guei guei 4096 Nov  7 15:19 [0m[01;34m.[0m/
drwxrwxr-x 11 guei guei 4096 Nov  8 16:44 [01;34m..[0m/
]0;/home/guei/Documents/gumeo-blog/data]0;guei@comp-nbguei: ~/Documents/gumeo-blog/data[01;32mguei@comp-nbguei[00m:[01;34m~/Documents/gumeo-blog/data[00m$ cd ..
]0;/home/guei/Documents/gumeo-blog]0;guei@comp-nbguei: ~/Documents/gumeo-blog[01;32mguei@comp-nbguei[00m:[01;34m~/Documents/gumeo-blog[00m$ ls
[0m[01;34marchetypes[0m  config.toml  [01;34mcontent[0m  [01;34mdata[0m  gumeo-blog.Rproj  index.Rmd  [01;34mlayouts[0m  [01;34mpublic[0m  [01;34mstatic[0m  [01;34mthemes[0m
]0;/home/guei/Documents/gumeo-blog]0;guei@comp-nbguei: ~/Documents/gumeo-blog[01;32mguei@comp-nbguei[00m:[01;34m~/Documents/gumeo-blog[00m$ cd layouts/
]0;/home/guei/Documents/gumeo-blog/layouts]0;guei@comp-nbguei: ~/Documents/gumeo-blog/layouts[01;32mguei@comp-nbguei[00m:[01;34m~/Documents/gumeo-blog/layouts[00m$ ll
total 8
drwxrwxr-x  2 guei guei 4096 Nov  7 15:19 [0m[01;34m.[0m/
drwxrwxr-x 11 guei guei 4096 Nov  8 16:44 [01;34m..[0m/
]0;/home/guei/Documents/gumeo-blog/layouts]0;guei@comp-nbguei: ~/Documents/gumeo-blog/layouts[01;32mguei@comp-nbguei[00m:[01;34m~/Documents/gumeo-blog/layouts[00m$ cd ..
]0;/home/guei/Documents/gumeo-blog]0;guei@comp-nbguei: ~/Documents/gumeo-blog[01;32mguei@comp-nbguei[00m:[01;34m~/Documents/gumeo-blog[00m$ ls
[0m[01;34marchetypes[0m  config.toml  [01;34mcontent[0m  [01;34mdata[0m  gumeo-blog.Rproj  index.Rmd  [01;34mlayouts[0m  [01;34mpublic[0m  [01;34mstatic[0m  [01;34mthemes[0m
]0;/home/guei/Documents/gumeo-blog]0;guei@comp-nbguei: ~/Documents/gumeo-blog[01;32mguei@comp-nbguei[00m:[01;34m~/Documents/gumeo-blog[00m$ cd static/
]0;/home/guei/Documents/gumeo-blog/static]0;guei@comp-nbguei: ~/Documents/gumeo-blog/static[01;32mguei@comp-nbguei[00m:[01;34m~/Documents/gumeo-blog/static[00m$ ll
total 12
drwxrwxr-x  3 guei guei 4096 Nov  7 15:19 [0m[01;34m.[0m/
drwxrwxr-x 11 guei guei 4096 Nov  8 16:44 [01;34m..[0m/
drwxrwxr-x  3 guei guei 4096 Nov  8 16:41 [01;34mpost[0m/
]0;/home/guei/Documents/gumeo-blog/static]0;guei@comp-nbguei: ~/Documents/gumeo-blog/static[01;32mguei@comp-nbguei[00m:[01;34m~/Documents/gumeo-blog/static[00m$ cd ..
]0;/home/guei/Documents/gumeo-blog]0;guei@comp-nbguei: ~/Documents/gumeo-blog[01;32mguei@comp-nbguei[00m:[01;34m~/Documents/gumeo-blog[00m$ ls
[0m[01;34marchetypes[0m  config.toml  [01;34mcontent[0m  [01;34mdata[0m  gumeo-blog.Rproj  index.Rmd  [01;34mlayouts[0m  [01;34mpublic[0m  [01;34mstatic[0m  [01;34mthemes[0m
]0;/home/guei/Documents/gumeo-blog]0;guei@comp-nbguei: ~/Documents/gumeo-blog[01;32mguei@comp-nbguei[00m:[01;34m~/Documents/gumeo-blog[00m$ git add content/post/2017-11-08-got-some-new-books.
2017-11-08-got-some-new-books.html  2017-11-08-got-some-new-books.Rmd   
]0;guei@comp-nbguei: ~/Documents/gumeo-blog[01;32mguei@comp-nbguei[00m:[01;34m~/Documents/gumeo-blog[00m$ git add content/post/2017-11-08-got-some-new-books.
2017-11-08-got-some-new-books.html  2017-11-08-got-some-new-books.Rmd   
]0;guei@comp-nbguei: ~/Documents/gumeo-blog[01;32mguei@comp-nbguei[00m:[01;34m~/Documents/gumeo-blog[00m$ git add content/post/2017-11-08-got-some-new-books.*
]0;/home/guei/Documents/gumeo-blog]0;guei@comp-nbguei: ~/Documents/gumeo-blog[01;32mguei@comp-nbguei[00m:[01;34m~/Documents/gumeo-blog[00m$ git commit -m [K[K[K-m [K[K[K[K content/post/2017-11-08-got-some-new-books.* -m new stuff![K[K[K[K[K[K[K[K[K[K''n'e'w' 'b'o'o'k's' 'f't'w'
[master 2fcc6fb] new books ftw
 2 files changed, 33 insertions(+)
 create mode 100644 content/post/2017-11-08-got-some-new-books.Rmd
 create mode 100644 content/post/2017-11-08-got-some-new-books.html
]0;/home/guei/Documents/gumeo-blog]0;guei@comp-nbguei: ~/Documents/gumeo-blog[01;32mguei@comp-nbguei[00m:[01;34m~/Documents/gumeo-blog[00m$ git push
warning: push.default is unset; its implicit value has changed in
Git 2.0 from 'matching' to 'simple'. To squelch this message
and maintain the traditional behavior, use:

  git config --global push.default matching

To squelch this message and adopt the new behavior now, use:

  git config --global push.default simple

When push.default is set to 'matching', git will push local branches
to the remote branches that already exist with the same name.

Since Git 2.0, Git defaults to the more conservative 'simple'
behavior, which only pushes the current branch to the corresponding
remote branch that 'git pull' uses to update the current branch.

See 'git help config' and search for 'push.default' for further information.
(the 'simple' mode was introduced in Git 1.7.11. Use the similar mode
'current' instead of 'simple' if you sometimes use older versions of Git)

Counting objects: 6, done.
Delta compression using up to 8 threads.
Compressing objects:  20% (1/5)   Compressing objects:  40% (2/5)   Compressing objects:  60% (3/5)   Compressing objects:  80% (4/5)   Compressing objects: 100% (5/5)   Compressing objects: 100% (5/5), done.
Writing objects:  16% (1/6)   Writing objects:  33% (2/6)   Writing objects:  50% (3/6)   Writing objects:  66% (4/6)   Writing objects: 100% (6/6)   Writing objects: 100% (6/6), 783 bytes | 0 bytes/s, done.
Total 6 (delta 2), reused 0 (delta 0)
remote: Resolving deltas:   0% (0/2)   [Kremote: Resolving deltas:  50% (1/2)   [Kremote: Resolving deltas: 100% (2/2)   [Kremote: Resolving deltas: 100% (2/2), completed with 1 local object.[K
To git@github.com:gumeo/sourceForBlog.git
   76e51ba..2fcc6fb  master -> master
]0;/home/guei/Documents/gumeo-blog]0;guei@comp-nbguei: ~/Documents/gumeo-blog[01;32mguei@comp-nbguei[00m:[01;34m~/Documents/gumeo-blog[00m$ cd [K[K[Kcd public/
]0;/home/guei/Documents/gumeo-blog/public]0;guei@comp-nbguei: ~/Documents/gumeo-blog/public[01;32mguei@comp-nbguei[00m:[01;34m~/Documents/gumeo-blog/public[00m$ git add .
]0;/home/guei/Documents/gumeo-blog/public]0;guei@comp-nbguei: ~/Documents/gumeo-blog/public[01;32mguei@comp-nbguei[00m:[01;34m~/Documents/gumeo-blog/public[00m$ go[Kit commit * -m ''n'e'w' 'b'o'o'k's'!'
[master 78dcbf3] new books!
 15 files changed, 521 insertions(+), 10 deletions(-)
 create mode 100644 categories/sparse/index.html
 create mode 100644 categories/sparse/index.xml
 create mode 100644 categories/sparse/page/1/index.html
 create mode 100644 post/2017-11-08-got-some-new-books.Rmd
 create mode 100644 post/got-some-new-books/index.html
]0;/home/guei/Documents/gumeo-blog/public]0;guei@comp-nbguei: ~/Documents/gumeo-blog/public[01;32mguei@comp-nbguei[00m:[01;34m~/Documents/gumeo-blog/public[00m$ git push
warning: push.default is unset; its implicit value has changed in
Git 2.0 from 'matching' to 'simple'. To squelch this message
and maintain the traditional behavior, use:

  git config --global push.default matching

To squelch this message and adopt the new behavior now, use:

  git config --global push.default simple

When push.default is set to 'matching', git will push local branches
to the remote branches that already exist with the same name.

Since Git 2.0, Git defaults to the more conservative 'simple'
behavior, which only pushes the current branch to the corresponding
remote branch that 'git pull' uses to update the current branch.

See 'git help config' and search for 'push.default' for further information.
(the 'simple' mode was introduced in Git 1.7.11. Use the similar mode
'current' instead of 'simple' if you sometimes use older versions of Git)

error: cannot run rpostback-askpass: No such file or directory
Username for 'https://github.com': gumeo
error: cannot run rpostback-askpass: No such file or directory
Password for 'https://gumeo@github.com': 
Counting objects: 25, done.
Delta compression using up to 8 threads.
Compressing objects:   4% (1/22)   Compressing objects:   9% (2/22)   Compressing objects:  13% (3/22)   Compressing objects:  18% (4/22)   Compressing objects:  22% (5/22)   Compressing objects:  27% (6/22)   Compressing objects:  31% (7/22)   Compressing objects:  36% (8/22)   Compressing objects:  40% (9/22)   Compressing objects:  45% (10/22)   Compressing objects:  50% (11/22)   Compressing objects:  54% (12/22)   Compressing objects:  59% (13/22)   Compressing objects:  63% (14/22)   Compressing objects:  68% (15/22)   Compressing objects:  72% (16/22)   Compressing objects:  77% (17/22)   Compressing objects:  81% (18/22)   Compressing objects:  86% (19/22)   Compressing objects:  90% (20/22)   Compressing objects:  95% (21/22)   Compressing objects: 100% (22/22)   Compressing objects: 100% (22/22), done.
Writing objects:   4% (1/25)   Writing objects:   8% (2/25)   Writing objects:  12% (3/25)   Writing objects:  16% (4/25)   Writing objects:  20% (5/25)   Writing objects:  28% (7/25)   Writing objects:  36% (9/25)   Writing objects:  40% (10/25)   Writing objects:  44% (11/25)   Writing objects:  48% (12/25)   Writing objects:  52% (13/25)   Writing objects:  56% (14/25)   Writing objects:  60% (15/25)   Writing objects:  64% (16/25)   Writing objects:  68% (17/25)   Writing objects:  72% (18/25)   Writing objects:  76% (19/25)   Writing objects:  80% (20/25)   Writing objects:  84% (21/25)   Writing objects:  88% (22/25)   Writing objects:  92% (23/25)   Writing objects:  96% (24/25)   Writing objects: 100% (25/25)   Writing objects: 100% (25/25), 3.92 KiB | 0 bytes/s, done.
Total 25 (delta 13), reused 0 (delta 0)
remote: Resolving deltas:   0% (0/13)   [Kremote: Resolving deltas:   7% (1/13)   [Kremote: Resolving deltas:  53% (7/13)   [Kremote: Resolving deltas:  92% (12/13)   [Kremote: Resolving deltas: 100% (13/13)   [Kremote: Resolving deltas: 100% (13/13), completed with 4 local objects.[K
To https://github.com/gumeo/gumeo.github.io.git
   0218aed..78dcbf3  master -> master
]0;/home/guei/Documents/gumeo-blog/public]0;guei@comp-nbguei: ~/Documents/gumeo-blog/public[01;32mguei@comp-nbguei[00m:[01;34m~/Documents/gumeo-blog/public[00m$ git pushcommit * -m 'new books!'add .[Kcd public/[1Pgit add .[K*
]0;/home/guei/Documents/gumeo-blog/public]0;guei@comp-nbguei: ~/Documents/gumeo-blog/public[01;32mguei@comp-nbguei[00m:[01;34m~/Documents/gumeo-blog/public[00m$ git add *[1Ppushcommit * -m 'new books!'
On branch master
Your branch is up-to-date with 'origin/master'.
nothing to commit, working directory clean
]0;/home/guei/Documents/gumeo-blog/public]0;guei@comp-nbguei: ~/Documents/gumeo-blog/public[01;32mguei@comp-nbguei[00m:[01;34m~/Documents/gumeo-blog/public[00m$ ll
total 52
drwxrwxr-x  9 guei guei 4096 Nov  7 15:19 [0m[01;34m.[0m/
drwxrwxr-x 11 guei guei 4096 Nov  8 16:44 [01;34m..[0m/
drwxrwxr-x  5 guei guei 4096 Nov  8 16:55 [01;34mcategories[0m/
drwxrwxr-x  2 guei guei 4096 Nov  7 15:19 [01;34mcss[0m/
drwxrwxr-x  8 guei guei 4096 Nov  8 17:01 [01;34m.git[0m/
-rw-rw-r--  1 guei guei 7899 Nov  8 16:58 index.html
-rw-rw-r--  1 guei guei 1751 Nov  8 16:58 index.xml
drwxrwxr-x  2 guei guei 4096 Nov  7 15:19 [01;34mjs[0m/
-rw-rw-r--  1 guei guei    0 Nov  8 15:50 .nojekyll
drwxrwxr-x  3 guei guei 4096 Nov  8 15:44 [01;34mpage[0m/
drwxrwxr-x  6 guei guei 4096 Nov  8 16:41 [01;34mpost[0m/
-rw-rw-r--  1 guei guei 1379 Nov  8 16:58 sitemap.xml
drwxrwxr-x  6 guei guei 4096 Nov  8 15:50 [01;34mtags[0m/
]0;/home/guei/Documents/gumeo-blog/public]0;guei@comp-nbguei: ~/Documents/gumeo-blog/public[01;32mguei@comp-nbguei[00m:[01;34m~/Documents/gumeo-blog/public[00m$ git add .
]0;/home/guei/Documents/gumeo-blog/public]0;guei@comp-nbguei: ~/Documents/gumeo-blog/public[01;32mguei@comp-nbguei[00m:[01;34m~/Documents/gumeo-blog/public[00m$ git add ./*
]0;/home/guei/Documents/gumeo-blog/public]0;guei@comp-nbguei: ~/Documents/gumeo-blog/public[01;32mguei@comp-nbguei[00m:[01;34m~/Documents/gumeo-blog/public[00m$ git add ./*[Kll[Kgit commit * -m 'new books!'
On branch master
Your branch is up-to-date with 'origin/master'.
nothing to commit, working directory clean
]0;/home/guei/Documents/gumeo-blog/public]0;guei@comp-nbguei: ~/Documents/gumeo-blog/public[01;32mguei@comp-nbguei[00m:[01;34m~/Documents/gumeo-blog/public[00m$ cd ..
]0;/home/guei/Documents/gumeo-blog]0;guei@comp-nbguei: ~/Documents/gumeo-blog[01;32mguei@comp-nbguei[00m:[01;34m~/Documents/gumeo-blog[00m$ git add :[K.*
fatal: ..: '..' is outside repository
]0;/home/guei/Documents/gumeo-blog]0;guei@comp-nbguei: ~/Documents/gumeo-blog[01;32mguei@comp-nbguei[00m:[01;34m~/Documents/gumeo-blog[00m$ git add .*/*
]0;/home/guei/Documents/gumeo-blog]0;guei@comp-nbguei: ~/Documents/gumeo-blog[01;32mguei@comp-nbguei[00m:[01;34m~/Documents/gumeo-blog[00m$ git add ./*[K[K[K[K[K[K[Kcio[K[Kommit * -m ""m"i"n"r" "c"h"
error: pathspec 'archetypes' did not match any file(s) known to git.
error: pathspec 'data' did not match any file(s) known to git.
error: pathspec 'layouts' did not match any file(s) known to git.
]0;/home/guei/Documents/gumeo-blog]0;guei@comp-nbguei: ~/Documents/gumeo-blog[01;32mguei@comp-nbguei[00m:[01;34m~/Documents/gumeo-blog[00m$ git commit * -m "minr ch"[1P[1P
[master dc31194] minr ch
 2 files changed, 2 insertions(+), 2 deletions(-)
]0;/home/guei/Documents/gumeo-blog]0;guei@comp-nbguei: ~/Documents/gumeo-blog[01;32mguei@comp-nbguei[00m:[01;34m~/Documents/gumeo-blog[00m$ git commit -m "minr ch"[2@* [C[C[C[C[C[C[C[C[C[C[C[C[14Padd ./*[1P*[5Pcd ..git commit * -m 'new books!'add ./*[K[Kll[Kgit commit * -m 'new books!'add *[K[1Ppushcommit * -m 'new books!'push[K
warning: push.default is unset; its implicit value has changed in
Git 2.0 from 'matching' to 'simple'. To squelch this message
and maintain the traditional behavior, use:

  git config --global push.default matching

To squelch this message and adopt the new behavior now, use:

  git config --global push.default simple

When push.default is set to 'matching', git will push local branches
to the remote branches that already exist with the same name.

Since Git 2.0, Git defaults to the more conservative 'simple'
behavior, which only pushes the current branch to the corresponding
remote branch that 'git pull' uses to update the current branch.

See 'git help config' and search for 'push.default' for further information.
(the 'simple' mode was introduced in Git 1.7.11. Use the similar mode
'current' instead of 'simple' if you sometimes use older versions of Git)

Counting objects: 3, done.
Delta compression using up to 8 threads.
Compressing objects:  33% (1/3)   Compressing objects:  66% (2/3)   Compressing objects: 100% (3/3)   Compressing objects: 100% (3/3), done.
Writing objects:  33% (1/3)   Writing objects:  66% (2/3)   Writing objects: 100% (3/3)   Writing objects: 100% (3/3), 321 bytes | 0 bytes/s, done.
Total 3 (delta 2), reused 0 (delta 0)
remote: Resolving deltas:   0% (0/2)   [Kremote: Resolving deltas:  50% (1/2)   [Kremote: Resolving deltas: 100% (2/2)   [Kremote: Resolving deltas: 100% (2/2), completed with 2 local objects.[K
To git@github.com:gumeo/sourceForBlog.git
   2fcc6fb..dc31194  master -> master
]0;/home/guei/Documents/gumeo-blog]0;guei@comp-nbguei: ~/Documents/gumeo-blog[01;32mguei@comp-nbguei[00m:[01;34m~/Documents/gumeo-blog[00m$ cd public/
]0;/home/guei/Documents/gumeo-blog/public]0;guei@comp-nbguei: ~/Documents/gumeo-blog/public[01;32mguei@comp-nbguei[00m:[01;34m~/Documents/gumeo-blog/public[00m$ git add .
]0;/home/guei/Documents/gumeo-blog/public]0;guei@comp-nbguei: ~/Documents/gumeo-blog/public[01;32mguei@comp-nbguei[00m:[01;34m~/Documents/gumeo-blog/public[00m$ git commit -m ''m'i'n'o'r' 'c'h'
[master a8d94e8] minor ch
 7 files changed, 7 insertions(+), 7 deletions(-)
]0;/home/guei/Documents/gumeo-blog/public]0;guei@comp-nbguei: ~/Documents/gumeo-blog/public[01;32mguei@comp-nbguei[00m:[01;34m~/Documents/gumeo-blog/public[00m$ git push
warning: push.default is unset; its implicit value has changed in
Git 2.0 from 'matching' to 'simple'. To squelch this message
and maintain the traditional behavior, use:

  git config --global push.default matching

To squelch this message and adopt the new behavior now, use:

  git config --global push.default simple

When push.default is set to 'matching', git will push local branches
to the remote branches that already exist with the same name.

Since Git 2.0, Git defaults to the more conservative 'simple'
behavior, which only pushes the current branch to the corresponding
remote branch that 'git pull' uses to update the current branch.

See 'git help config' and search for 'push.default' for further information.
(the 'simple' mode was introduced in Git 1.7.11. Use the similar mode
'current' instead of 'simple' if you sometimes use older versions of Git)

error: cannot run rpostback-askpass: No such file or directory
Username for 'https://github.com': gumeo
error: cannot run rpostback-askpass: No such file or directory
Password for 'https://gumeo@github.com': 
Counting objects: 16, done.
Delta compression using up to 8 threads.
Compressing objects:   7% (1/14)   Compressing objects:  14% (2/14)   Compressing objects:  21% (3/14)   Compressing objects:  28% (4/14)   Compressing objects:  35% (5/14)   Compressing objects:  42% (6/14)   Compressing objects:  50% (7/14)   Compressing objects:  57% (8/14)   Compressing objects:  64% (9/14)   Compressing objects:  71% (10/14)   Compressing objects:  78% (11/14)   Compressing objects:  85% (12/14)   Compressing objects:  92% (13/14)   Compressing objects: 100% (14/14)   Compressing objects: 100% (14/14), done.
Writing objects:   6% (1/16)   Writing objects:  12% (2/16)   Writing objects:  18% (3/16)   Writing objects:  25% (4/16)   Writing objects:  31% (5/16)   Writing objects:  37% (6/16)   Writing objects:  43% (7/16)   Writing objects:  50% (8/16)   Writing objects:  56% (9/16)   Writing objects:  62% (10/16)   Writing objects:  68% (11/16)   Writing objects:  75% (12/16)   Writing objects:  81% (13/16)   Writing objects:  87% (14/16)   Writing objects:  93% (15/16)   Writing objects: 100% (16/16)   Writing objects: 100% (16/16), 1.24 KiB | 0 bytes/s, done.
Total 16 (delta 9), reused 0 (delta 0)
remote: Resolving deltas:   0% (0/9)   [Kremote: Resolving deltas:  11% (1/9)   [Kremote: Resolving deltas:  22% (2/9)   [Kremote: Resolving deltas:  33% (3/9)   [Kremote: Resolving deltas:  44% (4/9)   [Kremote: Resolving deltas:  55% (5/9)   [Kremote: Resolving deltas:  66% (6/9)   [Kremote: Resolving deltas:  77% (7/9)   [Kremote: Resolving deltas:  88% (8/9)   [Kremote: Resolving deltas: 100% (9/9)   [Kremote: Resolving deltas: 100% (9/9), completed with 9 local objects.[K
To https://github.com/gumeo/gumeo.github.io.git
   78dcbf3..a8d94e8  master -> master
[K]0;guei@comp-nbguei: ~/Documents/gumeo-blog/public[01;32mguei@comp-nbguei[00m:[01;34m~/Documents/gumeo-blog/public[00m$ ls -a
[0m[01;34m.[0m  [01;34m..[0m  [01;34mcategories[0m  [01;34mcss[0m  [01;34m.git[0m  index.html  index.xml  [01;34mjs[0m  .nojekyll  [01;34mpage[0m  [01;34mpost[0m  sitemap.xml  [01;34mtags[0m
]0;/home/guei/Documents/gumeo-blog/public]0;guei@comp-nbguei: ~/Documents/gumeo-blog/public[01;32mguei@comp-nbguei[00m:[01;34m~/Documents/gumeo-blog/public[00m$ 