
y
y
y
y
y
y
y
y
y
y
y
y
y
y
y
y
y
y
y
y
y
y
y
y
y
y
y
y
y
y
y
y
y
y
y
y
y
y
y
y
y
y
y
y
y
y
y
y
y
y
y
y
y
y
y
y
y
y
y
y
y
y
y
y
y
y
y
y
y
y
y
y
y
y
y
y
y
y
y
y
y
y
y
y
y
y
y
y
y
y
y
y
y
y
y
y
y
y
y
y
y
y
y
y
y
y
y
y
y
y
y
y
y
y
y
y
y
y
y
y
y
y
y
y
y
y
y
y
y
y
y
y
y
y
y
y
y
y
y
y
y
y
y
y
y
y
y
y
y
y
y
y
y
y
y
y
y
y
y
y
y
y
y
y
y
y
y
y
y
y
y
y
y
y
y
y
y
y
y
y
y
y
y
y
y
y
y
y
y
y
y
y
y
y
y
y
y
y
y
y
y
y
y
y
y
y
y
y
y
y
y
y
y
y
y
y
y
y
y
y
y
y
y
y
y
y
y
y
y
y
y
y
y
y
y
y
y
y
y
y
y
y
y
y
y
y
y
y
y
y
y
y
y
y
y
y
y
y
y
y
y
y
y
y
y
y
y
y
y
y
y
y
y
y
y
y
y
y
y
y
y
y
y
y
y
y
y
y
y
y
y
y
y
y
y
y
y
y
y
y
y
y
y
y
y
y
y
y
y
y
y
y
y
y
y
y
y
y
y
y
y
y
y
y
y
y
y
y
y
y
y
y
y
y
y
y
y
y
y
y
y
y
y
y
y
y
y
y
y
y
y
y
y
y
y
y
y
y
y
y
y
y
y
y
y
y
y
y
y
y
y
y
y
y
y
y
y
y
y
y
y
y
y
y
y
y
y
y
y
y
y
y
y
y
y
y
y
y
y
y
y
y
y
y
y
y
y
y
y
y
y
y
y
y
y
y
y
y
y
y
y
y
y
y
y
y
y
y
y
y
y
y
y
y
y
y
y
y
y
y
y
y
y
y
y
y
y
y
y
y
y
y
y
y
y
y
y
y
y
y
y
y
y
y
y
y
y
y
y
y
y
y
y
y
y
y
y
y
y
y
y
y
y
y
y
y
y
y
y
y
y
y
y
y
y
y
y
y
y
y
y
y
y
y
y
y
y
y
y
y
y
y
y
y
y
y
y
y
y
y
y
y
y
y
y
y
y
y
y
y
y
y
y
y
y
y
y
y
y
y
y
y
y
y
y
y
y
y
y
y
y
y
y
y
y
y
y
y
y
y
y
y
y
y
y
y
y
y
y
y
y
y
y
y
y
y
y
y
y
y
y
y
y
y
y
y
y
y
y
y
y
y
y
y
y
y
y
y
y
y
y
y
y
y
y^C
]0;/home/guei/Documents/gumeo-blog]0;guei@comp-nbguei: ~/Documents/gumeo-blog[01;32mguei@comp-nbguei[00m:[01;34m~/Documents/gumeo-blog[00m$ ^C
]0;/home/guei/Documents/gumeo-blog]0;guei@comp-nbguei: ~/Documents/gumeo-blog[01;32mguei@comp-nbguei[00m:[01;34m~/Documents/gumeo-blog[00m$ rm -r public/ | yes[K[K[K[K[K[K[1@y[1@e[1@s[1@ [1@|[1@ 
yes: standard output: Broken pipe
]0;/home/guei/Documents/gumeo-blog]0;guei@comp-nbguei: ~/Documents/gumeo-blog[01;32mguei@comp-nbguei[00m:[01;34m~/Documents/gumeo-blog[00m$ ls
[0m[01;34marchetypes[0m  config.toml  [01;34mcontent[0m  [01;34mdata[0m  gumeo-blog.Rproj  index.Rmd  [01;34mlayouts[0m  [01;34mstatic[0m  [01;34mthemes[0m
]0;/home/guei/Documents/gumeo-blog]0;guei@comp-nbguei: ~/Documents/gumeo-blog[01;32mguei@comp-nbguei[00m:[01;34m~/Documents/gumeo-blog[00m$ ls
[0m[01;34marchetypes[0m  config.toml  [01;34mcontent[0m  [01;34mdata[0m  gumeo-blog.Rproj  index.Rmd  [01;34mlayouts[0m  [01;34mpublic[0m  [01;34mstatic[0m  [01;34mthemes[0m
]0;/home/guei/Documents/gumeo-blog]0;guei@comp-nbguei: ~/Documents/gumeo-blog[01;32mguei@comp-nbguei[00m:[01;34m~/Documents/gumeo-blog[00m$ cd pubæ[Klic
]0;/home/guei/Documents/gumeo-blog/public]0;guei@comp-nbguei: ~/Documents/gumeo-blog/public[01;32mguei@comp-nbguei[00m:[01;34m~/Documents/gumeo-blog/public[00m$ git init
Initialized empty Git repository in /home/guei/Documents/gumeo-blog/public/.git/
]0;/home/guei/Documents/gumeo-blog/public]0;guei@comp-nbguei: ~/Documents/gumeo-blog/public[01;32mguei@comp-nbguei[00m:[01;34m~/Documents/gumeo-blog/public[00m$ git [K[K[K[Kgit remote add origin https://github.com/gumeo/gumeo.github.io.git
]0;/home/guei/Documents/gumeo-blog/public]0;guei@comp-nbguei: ~/Documents/gumeo-blog/public[01;32mguei@comp-nbguei[00m:[01;34m~/Documents/gumeo-blog/public[00m$ git comm[K[K[K[Kass[K[Kdd *
]0;/home/guei/Documents/gumeo-blog/public]0;guei@comp-nbguei: ~/Documents/gumeo-blog/public[01;32mguei@comp-nbguei[00m:[01;34m~/Documents/gumeo-blog/public[00m$ git commit * -m ''c'h'a'n'g'e'd'?'
[master (root-commit) ff9ef90] changed?
 20 files changed, 1138 insertions(+)
 create mode 100644 categories/index.xml
 create mode 100644 categories/machine-learning/index.html
 create mode 100644 categories/machine-learning/index.xml
 create mode 100644 categories/machine-learning/page/1/index.html
 create mode 100644 categories/r/index.html
 create mode 100644 categories/r/index.xml
 create mode 100644 categories/r/page/1/index.html
 create mode 100644 css/all.min.css
 create mode 100644 index.html
 create mode 100644 index.xml
 create mode 100644 js/all.min.js
 create mode 100644 page/1/index.html
 create mode 100644 post/2015-07-23-r-rmarkdown.Rmd
 create mode 100644 post/2015-07-23-r-rmarkdown/index.html
 create mode 100644 post/2015-07-23-r-rmarkdown_files/figure-html/pie-1.png
 create mode 100644 post/index.html
 create mode 100644 post/index.xml
 create mode 100644 post/page/1/index.html
 create mode 100644 sitemap.xml
 create mode 100644 tags/index.xml
]0;/home/guei/Documents/gumeo-blog/public]0;guei@comp-nbguei: ~/Documents/gumeo-blog/public[01;32mguei@comp-nbguei[00m:[01;34m~/Documents/gumeo-blog/public[00m$ git push
warning: push.default is unset; its implicit value has changed in
Git 2.0 from 'matching' to 'simple'. To squelch this message
and maintain the traditional behavior, use:

  git config --global push.default matching

To squelch this message and adopt the new behavior now, use:

  git config --global push.default simple

When push.default is set to 'matching', git will push local branches
to the remote branches that already exist with the same name.

Since Git 2.0, Git defaults to the more conservative 'simple'
behavior, which only pushes the current branch to the corresponding
remote branch that 'git pull' uses to update the current branch.

See 'git help config' and search for 'push.default' for further information.
(the 'simple' mode was introduced in Git 1.7.11. Use the similar mode
'current' instead of 'simple' if you sometimes use older versions of Git)

fatal: The current branch master has no upstream branch.
To push the current branch and set the remote as upstream, use

    git push --set-upstream origin master

]0;/home/guei/Documents/gumeo-blog/public]0;guei@comp-nbguei: ~/Documents/gumeo-blog/public[01;32mguei@comp-nbguei[00m:[01;34m~/Documents/gumeo-blog/public[00m$ git push --set-upstream origin master
error: cannot run rpostback-askpass: No such file or directory
Username for 'https://github.com': gumeo
error: cannot run rpostback-askpass: No such file or directory
Password for 'https://gumeo@github.com': 
To https://github.com/gumeo/gumeo.github.io.git
 ! [rejected]        master -> master (fetch first)
error: failed to push some refs to 'https://github.com/gumeo/gumeo.github.io.git'
hint: Updates were rejected because the remote contains work that you do
hint: not have locally. This is usually caused by another repository pushing
hint: to the same ref. You may want to first integrate the remote changes
hint: (e.g., 'git pull ...') before pushing again.
hint: See the 'Note about fast-forwards' in 'git push --help' for details.
]0;/home/guei/Documents/gumeo-blog/public]0;guei@comp-nbguei: ~/Documents/gumeo-blog/public[01;32mguei@comp-nbguei[00m:[01;34m~/Documents/gumeo-blog/public[00m$ git pull
warning: no common commits
remote: Counting objects: 221, done.[K
remote: Compressing objects:   1% (1/55)   [Kremote: Compressing objects:   3% (2/55)   [Kremote: Compressing objects:   5% (3/55)   [Kremote: Compressing objects:   7% (4/55)   [Kremote: Compressing objects:   9% (5/55)   [Kremote: Compressing objects:  10% (6/55)   [Kremote: Compressing objects:  12% (7/55)   [Kremote: Compressing objects:  14% (8/55)   [Kremote: Compressing objects:  16% (9/55)   [Kremote: Compressing objects:  18% (10/55)   [Kremote: Compressing objects:  20% (11/55)   [Kremote: Compressing objects:  21% (12/55)   [Kremote: Compressing objects:  23% (13/55)   [Kremote: Compressing objects:  25% (14/55)   [Kremote: Compressing objects:  27% (15/55)   [Kremote: Compressing objects:  29% (16/55)   [Kremote: Compressing objects:  30% (17/55)   [Kremote: Compressing objects:  32% (18/55)   [Kremote: Compressing objects:  34% (19/55)   [Kremote: Compressing objects:  36% (20/55)   [Kremote: Compressing objects:  38% (21/55)   [Kremote: Compressing objects:  40% (22/55)   [Kremote: Compressing objects:  41% (23/55)   [Kremote: Compressing objects:  43% (24/55)   [Kremote: Compressing objects:  45% (25/55)   [Kremote: Compressing objects:  47% (26/55)   [Kremote: Compressing objects:  49% (27/55)   [Kremote: Compressing objects:  50% (28/55)   [Kremote: Compressing objects:  52% (29/55)   [Kremote: Compressing objects:  54% (30/55)   [Kremote: Compressing objects:  56% (31/55)   [Kremote: Compressing objects:  58% (32/55)   [Kremote: Compressing objects:  60% (33/55)   [Kremote: Compressing objects:  61% (34/55)   [Kremote: Compressing objects:  63% (35/55)   [Kremote: Compressing objects:  65% (36/55)   [Kremote: Compressing objects:  67% (37/55)   [Kremote: Compressing objects:  69% (38/55)   [Kremote: Compressing objects:  70% (39/55)   [Kremote: Compressing objects:  72% (40/55)   [Kremote: Compressing objects:  74% (41/55)   [Kremote: Compressing objects:  76% (42/55)   [Kremote: Compressing objects:  78% (43/55)   [Kremote: Compressing objects:  80% (44/55)   [Kremote: Compressing objects:  81% (45/55)   [Kremote: Compressing objects:  83% (46/55)   [Kremote: Compressing objects:  85% (47/55)   [Kremote: Compressing objects:  87% (48/55)   [Kremote: Compressing objects:  89% (49/55)   [Kremote: Compressing objects:  90% (50/55)   [Kremote: Compressing objects:  92% (51/55)   [Kremote: Compressing objects:  94% (52/55)   [Kremote: Compressing objects:  96% (53/55)   [Kremote: Compressing objects:  98% (54/55)   [Kremote: Compressing objects: 100% (55/55)   [Kremote: Compressing objects: 100% (55/55), done.[K
Receiving objects:   0% (1/221)   Receiving objects:   1% (3/221)   Receiving objects:   2% (5/221)   Receiving objects:   3% (7/221)   Receiving objects:   4% (9/221)   Receiving objects:   5% (12/221)   Receiving objects:   6% (14/221)   Receiving objects:   7% (16/221)   Receiving objects:   8% (18/221)   Receiving objects:   9% (20/221)   Receiving objects:  10% (23/221)   Receiving objects:  11% (25/221)   Receiving objects:  12% (27/221)   Receiving objects:  13% (29/221)   Receiving objects:  14% (31/221)   Receiving objects:  15% (34/221)   Receiving objects:  16% (36/221)   Receiving objects:  17% (38/221)   Receiving objects:  18% (40/221)   Receiving objects:  19% (42/221)   Receiving objects:  20% (45/221)   Receiving objects:  21% (47/221)   Receiving objects:  22% (49/221)   Receiving objects:  23% (51/221)   Receiving objects:  24% (54/221)   Receiving objects:  25% (56/221)   Receiving objects:  26% (58/221)   Receiving objects:  27% (60/221)   Receiving objects:  28% (62/221)   Receiving objects:  29% (65/221)   remote: Total 221 (delta 108), reused 219 (delta 106), pack-reused 0[K
Receiving objects:  30% (67/221)   Receiving objects:  31% (69/221)   Receiving objects:  32% (71/221)   Receiving objects:  33% (73/221)   Receiving objects:  34% (76/221)   Receiving objects:  35% (78/221)   Receiving objects:  36% (80/221)   Receiving objects:  37% (82/221)   Receiving objects:  38% (84/221)   Receiving objects:  39% (87/221)   Receiving objects:  40% (89/221)   Receiving objects:  41% (91/221)   Receiving objects:  42% (93/221)   Receiving objects:  43% (96/221)   Receiving objects:  44% (98/221)   Receiving objects:  45% (100/221)   Receiving objects:  46% (102/221)   Receiving objects:  47% (104/221)   Receiving objects:  48% (107/221)   Receiving objects:  49% (109/221)   Receiving objects:  50% (111/221)   Receiving objects:  51% (113/221)   Receiving objects:  52% (115/221)   Receiving objects:  53% (118/221)   Receiving objects:  54% (120/221)   Receiving objects:  55% (122/221)   Receiving objects:  56% (124/221)   Receiving objects:  57% (126/221)   Receiving objects:  58% (129/221)   Receiving objects:  59% (131/221)   Receiving objects:  60% (133/221)   Receiving objects:  61% (135/221)   Receiving objects:  62% (138/221)   Receiving objects:  63% (140/221)   Receiving objects:  64% (142/221)   Receiving objects:  65% (144/221)   Receiving objects:  66% (146/221)   Receiving objects:  67% (149/221)   Receiving objects:  68% (151/221)   Receiving objects:  69% (153/221)   Receiving objects:  70% (155/221)   Receiving objects:  71% (157/221)   Receiving objects:  72% (160/221)   Receiving objects:  73% (162/221)   Receiving objects:  74% (164/221)   Receiving objects:  75% (166/221)   Receiving objects:  76% (168/221)   Receiving objects:  77% (171/221)   Receiving objects:  78% (173/221)   Receiving objects:  79% (175/221)   Receiving objects:  80% (177/221)   Receiving objects:  81% (180/221)   Receiving objects:  82% (182/221)   Receiving objects:  83% (184/221)   Receiving objects:  84% (186/221)   Receiving objects:  85% (188/221)   Receiving objects:  86% (191/221)   Receiving objects:  87% (193/221)   Receiving objects:  88% (195/221)   Receiving objects:  89% (197/221)   Receiving objects:  90% (199/221)   Receiving objects:  91% (202/221)   Receiving objects:  92% (204/221)   Receiving objects:  93% (206/221)   Receiving objects:  94% (208/221)   Receiving objects:  95% (210/221)   Receiving objects:  96% (213/221)   Receiving objects:  97% (215/221)   Receiving objects:  98% (217/221)   Receiving objects:  99% (219/221)   Receiving objects: 100% (221/221)   Receiving objects: 100% (221/221), 79.35 KiB | 0 bytes/s, done.
Resolving deltas:   0% (0/108)   Resolving deltas:   1% (2/108)   Resolving deltas:   2% (3/108)   Resolving deltas:  31% (34/108)   Resolving deltas:  66% (72/108)   Resolving deltas:  87% (95/108)   Resolving deltas:  88% (96/108)   Resolving deltas:  92% (100/108)   Resolving deltas:  96% (104/108)   Resolving deltas:  97% (105/108)   Resolving deltas:  99% (107/108)   Resolving deltas: 100% (108/108)   Resolving deltas: 100% (108/108), done.
From https://github.com/gumeo/gumeo.github.io
 * [new branch]      master     -> origin/master
There is no tracking information for the current branch.
Please specify which branch you want to merge with.
See git-pull(1) for details.

    git pull <remote> <branch>

If you wish to set tracking information for this branch you can do so with:

    git branch --set-upstream-to=origin/<branch> master

]0;/home/guei/Documents/gumeo-blog/public]0;guei@comp-nbguei: ~/Documents/gumeo-blog/public[01;32mguei@comp-nbguei[00m:[01;34m~/Documents/gumeo-blog/public[00m$ git pullsh --set-upstream origin master[Kcommit * -m 'changed?'
On branch master
nothing to commit, working directory clean
]0;/home/guei/Documents/gumeo-blog/public]0;guei@comp-nbguei: ~/Documents/gumeo-blog/public[01;32mguei@comp-nbguei[00m:[01;34m~/Documents/gumeo-blog/public[00m$ git commit * -m 'changed?'pull[Ksh --set-upstream origin master
error: cannot run rpostback-askpass: No such file or directory
Username for 'https://github.com': gumeo
error: cannot run rpostback-askpass: No such file or directory
Password for 'https://gumeo@github.com': 
To https://github.com/gumeo/gumeo.github.io.git
 ! [rejected]        master -> master (non-fast-forward)
error: failed to push some refs to 'https://github.com/gumeo/gumeo.github.io.git'
hint: Updates were rejected because the tip of your current branch is behind
hint: its remote counterpart. Integrate the remote changes (e.g.
hint: 'git pull ...') before pushing again.
hint: See the 'Note about fast-forwards' in 'git push --help' for details.
]0;/home/guei/Documents/gumeo-blog/public]0;guei@comp-nbguei: ~/Documents/gumeo-blog/public[01;32mguei@comp-nbguei[00m:[01;34m~/Documents/gumeo-blog/public[00m$ git pull
There is no tracking information for the current branch.
Please specify which branch you want to merge with.
See git-pull(1) for details.

    git pull <remote> <branch>

If you wish to set tracking information for this branch you can do so with:

    git branch --set-upstream-to=origin/<branch> master

]0;/home/guei/Documents/gumeo-blog/public]0;guei@comp-nbguei: ~/Documents/gumeo-blog/public[01;32mguei@comp-nbguei[00m:[01;34m~/Documents/gumeo-blog/public[00m$ git pull master
fatal: 'master' does not appear to be a git repository
fatal: Could not read from remote repository.

Please make sure you have the correct access rights
and the repository exists.
]0;/home/guei/Documents/gumeo-blog/public]0;guei@comp-nbguei: ~/Documents/gumeo-blog/public[01;32mguei@comp-nbguei[00m:[01;34m~/Documents/gumeo-blog/public[00m$ git pull master gumeo/gumeo.github.io
fatal: 'master' does not appear to be a git repository
fatal: Could not read from remote repository.

Please make sure you have the correct access rights
and the repository exists.
]0;/home/guei/Documents/gumeo-blog/public]0;guei@comp-nbguei: ~/Documents/gumeo-blog/public[01;32mguei@comp-nbguei[00m:[01;34m~/Documents/gumeo-blog/public[00m$ git pull master gumeo/gumeo.github.io[1Pgumeo/gumeo.github.io[1Pgumeo/gumeo.github.io[1Pgumeo/gumeo.github.io[1Pgumeo/gumeo.github.io[1Pgumeo/gumeo.github.io[1Pgumeo/gumeo.github.io[1Pgumeo/gumeo.github.io
fatal: 'gumeo/gumeo.github.io' does not appear to be a git repository
fatal: Could not read from remote repository.

Please make sure you have the correct access rights
and the repository exists.
]0;/home/guei/Documents/gumeo-blog/public]0;guei@comp-nbguei: ~/Documents/gumeo-blog/public[01;32mguei@comp-nbguei[00m:[01;34m~/Documents/gumeo-blog/public[00m$ git pull gumeo/gumeo.github.io[Chgumeo/gumeo.github.iotgumeo/gumeo.github.iotgumeo/gumeo.github.iopgumeo/gumeo.github.iosgumeo/gumeo.github.io:gumeo/gumeo.github.io/gumeo/gumeo.github.io/gumeo/gumeo.github.io[Cgumeo/gumeo.github.ioigumeo/gumeo.github.iotgumeo/gumeo.github.iohgumeo/gumeo.github.iougumeo/gumeo.github.iobgumeo/gumeo.github.io.gumeo/gumeo.github.iocgumeo/gumeo.github.ioogumeo/gumeo.github.iomgumeo/gumeo.github.io/gumeo/gumeo.github.io[C[C[C[C[C[C[C[C[C[C[C[C[C[C[C[C[C[C[C[C[C master
From https://github.com/gumeo/gumeo.github.io
 * branch            master     -> FETCH_HEAD
Merge made by the 'recursive' strategy.
 .nojekyll                         |   0
 tags/blogdown/index.html          | 157 [32m+++++++++++++++++++++++++++++++++++++++++++++++++++++++++++++++++++++++++++++++++++++++++[m
 tags/blogdown/index.xml           |  25 [32m+++++++++++++++[m
 tags/blogdown/page/1/index.html   |   1 [32m+[m
 tags/plot/index.html              | 158 [32m++++++++++++++++++++++++++++++++++++++++++++++++++++++++++++++++++++++++++++++++++++++++++[m
 tags/plot/index.xml               |  26 [32m+++++++++++++++[m
 tags/plot/page/1/index.html       |   1 [32m+[m
 tags/r-markdown/index.html        | 157 [32m+++++++++++++++++++++++++++++++++++++++++++++++++++++++++++++++++++++++++++++++++++++++++[m
 tags/r-markdown/index.xml         |  25 [32m+++++++++++++++[m
 tags/r-markdown/page/1/index.html |   1 [32m+[m
 tags/regression/index.html        | 158 [32m++++++++++++++++++++++++++++++++++++++++++++++++++++++++++++++++++++++++++++++++++++++++++[m
 tags/regression/index.xml         |  26 [32m+++++++++++++++[m
 tags/regression/page/1/index.html |   1 [32m+[m
 13 files changed, 736 insertions(+)
 create mode 100644 .nojekyll
 create mode 100644 tags/blogdown/index.html
 create mode 100644 tags/blogdown/index.xml
 create mode 100644 tags/blogdown/page/1/index.html
 create mode 100644 tags/plot/index.html
 create mode 100644 tags/plot/index.xml
 create mode 100644 tags/plot/page/1/index.html
 create mode 100644 tags/r-markdown/index.html
 create mode 100644 tags/r-markdown/index.xml
 create mode 100644 tags/r-markdown/page/1/index.html
 create mode 100644 tags/regression/index.html
 create mode 100644 tags/regression/index.xml
 create mode 100644 tags/regression/page/1/index.html
]0;/home/guei/Documents/gumeo-blog/public]0;guei@comp-nbguei: ~/Documents/gumeo-blog/public[01;32mguei@comp-nbguei[00m:[01;34m~/Documents/gumeo-blog/public[00m$ git commit * -m ""o"k"[1P"[1P"h"m"m"
On branch master
nothing to commit, working directory clean
git commit * -m ""t"r"y"i"n"g" "t"o" "g"e"t" "t"h"i"s" "t"o" "w"o"r"k"."."."
On branch master
nothing to commit, working directory clean
ll
total 52
drwxrwxr-x  9 guei guei 4096 Nov  7 15:19 [0m[01;34m.[0m/
drwxrwxr-x 10 guei guei 4096 Nov  8 15:53 [01;34m..[0m/
drwxrwxr-x  4 guei guei 4096 Nov  8 15:44 [01;34mcategories[0m/
drwxrwxr-x  2 guei guei 4096 Nov  7 15:19 [01;34mcss[0m/
drwxrwxr-x  8 guei guei 4096 Nov  8 15:53 [01;34m.git[0m/
-rw-rw-r--  1 guei guei 7613 Nov  8 15:54 index.html
-rw-rw-r--  1 guei guei 1139 Nov  8 15:54 index.xml
drwxrwxr-x  2 guei guei 4096 Nov  7 15:19 [01;34mjs[0m/
-rw-rw-r--  1 guei guei    0 Nov  8 15:50 .nojekyll
drwxrwxr-x  3 guei guei 4096 Nov  8 15:44 [01;34mpage[0m/
drwxrwxr-x  5 guei guei 4096 Nov  8 13:20 [01;34mpost[0m/
-rw-rw-r--  1 guei guei  931 Nov  8 15:54 sitemap.xml
drwxrwxr-x  6 guei guei 4096 Nov  8 15:50 [01;34mtags[0m/
]0;/home/guei/Documents/gumeo-blog/public]0;guei@comp-nbguei: ~/Documents/gumeo-blog/public[01;32mguei@comp-nbguei[00m:[01;34m~/Documents/gumeo-blog/public[00m$ cd ..
]0;/home/guei/Documents/gumeo-blog]0;guei@comp-nbguei: ~/Documents/gumeo-blog[01;32mguei@comp-nbguei[00m:[01;34m~/Documents/gumeo-blog[00m$ ls
[0m[01;34marchetypes[0m  config.toml  [01;34mcontent[0m  [01;34mdata[0m  gumeo-blog.Rproj  index.Rmd  [01;34mlayouts[0m  [01;34mpublic[0m  [01;34mstatic[0m  [01;34mthemes[0m
]0;/home/guei/Documents/gumeo-blog]0;guei@comp-nbguei: ~/Documents/gumeo-blog[01;32mguei@comp-nbguei[00m:[01;34m~/Documents/gumeo-blog[00m$ ll
total 56
drwxrwxr-x 10 guei guei 4096 Nov  8 15:53 [0m[01;34m.[0m/
drwxr-xr-x 13 guei guei 4096 Nov  7 15:18 [01;34m..[0m/
drwxrwxr-x  2 guei guei 4096 Nov  7 15:19 [01;34marchetypes[0m/
-rw-rw-r--  1 guei guei  380 Nov  8 15:53 config.toml
drwxrwxr-x  3 guei guei 4096 Nov  7 15:19 [01;34mcontent[0m/
drwxrwxr-x  2 guei guei 4096 Nov  7 15:19 [01;34mdata[0m/
-rw-rw-r--  1 guei guei  225 Nov  8 15:53 gumeo-blog.Rproj
-rw-rw-r--  1 guei guei   39 Nov  7 15:19 index.Rmd
drwxrwxr-x  2 guei guei 4096 Nov  7 15:19 [01;34mlayouts[0m/
drwxrwxr-x  9 guei guei 4096 Nov  7 15:19 [01;34mpublic[0m/
-rw-rw-r--  1 guei guei  661 Nov  8 15:53 .Rhistory
drwxrwxr-x  4 guei guei 4096 Nov  7 15:19 [01;34m.Rproj.user[0m/
drwxrwxr-x  3 guei guei 4096 Nov  7 15:19 [01;34mstatic[0m/
drwxrwxr-x  3 guei guei 4096 Nov  7 15:19 [01;34mthemes[0m/
]0;/home/guei/Documents/gumeo-blog]0;guei@comp-nbguei: ~/Documents/gumeo-blog[01;32mguei@comp-nbguei[00m:[01;34m~/Documents/gumeo-blog[00m$ build_site()
> ^C
]0;/home/guei/Documents/gumeo-blog]0;guei@comp-nbguei: ~/Documents/gumeo-blog[01;32mguei@comp-nbguei[00m:[01;34m~/Documents/gumeo-blog[00m$ build_site()  echo 76324154 && /usr/bin/env && echo 4DAD5891[C[C[C[C[C[C[C[C[C[C[C[C[C[C[C[C[C[C[C[C[C[C[C[C[C[C[C[C[C[C[C[C[C[C[C[C[C[C[C[C[Cll[Kscd ..[3Pllcd ..[3Plslbuild_site()  echo 76324154 && /usr/bin/env && echo 4DAD5891[C[C[C[C[C[C[C[C[C[C[C[C[C[C[C[C[C[C[C[C[C[C[C[C[C[C[C[C[C[C[C[C[C[C[C[C[C[C[C[C[C[Kcd public/
]0;/home/guei/Documents/gumeo-blog/public]0;guei@comp-nbguei: ~/Documents/gumeo-blog/public[01;32mguei@comp-nbguei[00m:[01;34m~/Documents/gumeo-blog/public[00m$ git commit * -m ""l"l"l"
[master 77ae8d0] lll
 5 files changed, 5 insertions(+), 5 deletions(-)
]0;/home/guei/Documents/gumeo-blog/public]0;guei@comp-nbguei: ~/Documents/gumeo-blog/public[01;32mguei@comp-nbguei[00m:[01;34m~/Documents/gumeo-blog/public[00m$ git push
warning: push.default is unset; its implicit value has changed in
Git 2.0 from 'matching' to 'simple'. To squelch this message
and maintain the traditional behavior, use:

  git config --global push.default matching

To squelch this message and adopt the new behavior now, use:

  git config --global push.default simple

When push.default is set to 'matching', git will push local branches
to the remote branches that already exist with the same name.

Since Git 2.0, Git defaults to the more conservative 'simple'
behavior, which only pushes the current branch to the corresponding
remote branch that 'git pull' uses to update the current branch.

See 'git help config' and search for 'push.default' for further information.
(the 'simple' mode was introduced in Git 1.7.11. Use the similar mode
'current' instead of 'simple' if you sometimes use older versions of Git)

fatal: The current branch master has no upstream branch.
To push the current branch and set the remote as upstream, use

    git push --set-upstream origin master

]0;/home/guei/Documents/gumeo-blog/public]0;guei@comp-nbguei: ~/Documents/gumeo-blog/public[01;32mguei@comp-nbguei[00m:[01;34m~/Documents/gumeo-blog/public[00m$ git push --set-upstream origin master
error: cannot run rpostback-askpass: No such file or directory
Username for 'https://github.com': gumeo
error: cannot run rpostback-askpass: No such file or directory
Password for 'https://gumeo@github.com': 
Counting objects: 16, done.
Delta compression using up to 8 threads.
Compressing objects:   7% (1/14)   Compressing objects:  14% (2/14)   Compressing objects:  21% (3/14)   Compressing objects:  28% (4/14)   Compressing objects:  35% (5/14)   Compressing objects:  42% (6/14)   Compressing objects:  50% (7/14)   Compressing objects:  57% (8/14)   Compressing objects:  64% (9/14)   Compressing objects:  71% (10/14)   Compressing objects:  78% (11/14)   Compressing objects:  85% (12/14)   Compressing objects:  92% (13/14)   Compressing objects: 100% (14/14)   Compressing objects: 100% (14/14), done.
Writing objects:   6% (1/16)   Writing objects:  12% (2/16)   Writing objects:  18% (3/16)   Writing objects:  25% (4/16)   Writing objects:  31% (5/16)   Writing objects:  37% (6/16)   Writing objects:  43% (7/16)   Writing objects:  50% (8/16)   Writing objects:  56% (9/16)   Writing objects:  62% (10/16)   Writing objects:  68% (11/16)   Writing objects:  75% (12/16)   Writing objects:  81% (13/16)   Writing objects:  87% (14/16)   Writing objects:  93% (15/16)   Writing objects: 100% (16/16)   Writing objects: 100% (16/16), 1.43 KiB | 0 bytes/s, done.
Total 16 (delta 8), reused 0 (delta 0)
remote: Resolving deltas:   0% (0/8)   [Kremote: Resolving deltas:  25% (2/8)   [Kremote: Resolving deltas:  37% (3/8)   [Kremote: Resolving deltas:  50% (4/8)   [Kremote: Resolving deltas:  62% (5/8)   [Kremote: Resolving deltas:  75% (6/8)   [Kremote: Resolving deltas:  87% (7/8)   [Kremote: Resolving deltas: 100% (8/8)   [Kremote: Resolving deltas: 100% (8/8), completed with 7 local objects.[K
To https://github.com/gumeo/gumeo.github.io.git
   ec1770e..77ae8d0  master -> master
Branch master set up to track remote branch master from origin.
]0;/home/guei/Documents/gumeo-blog/public]0;guei@comp-nbguei: ~/Documents/gumeo-blog/public[01;32mguei@comp-nbguei[00m:[01;34m~/Documents/gumeo-blog/public[00m$ git push --set-upstream origin master[K --set-upstream origin master[Kcommit * -m "lll"
On branch master
Your branch is up-to-date with 'origin/master'.
nothing to commit, working directory clean
]0;/home/guei/Documents/gumeo-blog/public]0;guei@comp-nbguei: ~/Documents/gumeo-blog/public[01;32mguei@comp-nbguei[00m:[01;34m~/Documents/gumeo-blog/public[00m$ git commit * -m "lll"
On branch master
Your branch is up-to-date with 'origin/master'.
nothing to commit, working directory clean
git commit * -m ""h"e"l"l"o"
On branch master
Your branch is up-to-date with 'origin/master'.
nothing to commit, working directory clean
]0;/home/guei/Documents/gumeo-blog/public]0;guei@comp-nbguei: ~/Documents/gumeo-blog/public[01;32mguei@comp-nbguei[00m:[01;34m~/Documents/gumeo-blog/public[00m$ git commit * -m "hello"
[master 75de541] hello
 5 files changed, 15 insertions(+), 15 deletions(-)
]0;/home/guei/Documents/gumeo-blog/public]0;guei@comp-nbguei: ~/Documents/gumeo-blog/public[01;32mguei@comp-nbguei[00m:[01;34m~/Documents/gumeo-blog/public[00m$ git commit * -m "hello"[Kgit push
warning: push.default is unset; its implicit value has changed in
Git 2.0 from 'matching' to 'simple'. To squelch this message
and maintain the traditional behavior, use:

  git config --global push.default matching

To squelch this message and adopt the new behavior now, use:

  git config --global push.default simple

When push.default is set to 'matching', git will push local branches
to the remote branches that already exist with the same name.

Since Git 2.0, Git defaults to the more conservative 'simple'
behavior, which only pushes the current branch to the corresponding
remote branch that 'git pull' uses to update the current branch.

See 'git help config' and search for 'push.default' for further information.
(the 'simple' mode was introduced in Git 1.7.11. Use the similar mode
'current' instead of 'simple' if you sometimes use older versions of Git)

error: cannot run rpostback-askpass: No such file or directory
Username for 'https://github.com': gumeo
error: cannot run rpostback-askpass: No such file or directory
Password for 'https://gumeo@github.com': 
Counting objects: 12, done.
Delta compression using up to 8 threads.
Compressing objects:   9% (1/11)   Compressing objects:  18% (2/11)   Compressing objects:  27% (3/11)   Compressing objects:  36% (4/11)   Compressing objects:  45% (5/11)   Compressing objects:  54% (6/11)   Compressing objects:  63% (7/11)   Compressing objects:  72% (8/11)   Compressing objects:  81% (9/11)   Compressing objects:  90% (10/11)   Compressing objects: 100% (11/11)   Compressing objects: 100% (11/11), done.
Writing objects:   8% (1/12)   Writing objects:  16% (2/12)   Writing objects:  25% (3/12)   Writing objects:  33% (4/12)   Writing objects:  41% (5/12)   Writing objects:  50% (6/12)   Writing objects:  58% (7/12)   Writing objects:  66% (8/12)   Writing objects:  75% (9/12)   Writing objects:  83% (10/12)   Writing objects:  91% (11/12)   Writing objects: 100% (12/12)   Writing objects: 100% (12/12), 1.02 KiB | 0 bytes/s, done.
Total 12 (delta 7), reused 0 (delta 0)
remote: Resolving deltas:   0% (0/7)   [Kremote: Resolving deltas:  14% (1/7)   [Kremote: Resolving deltas:  28% (2/7)   [Kremote: Resolving deltas:  42% (3/7)   [Kremote: Resolving deltas:  57% (4/7)   [Kremote: Resolving deltas:  71% (5/7)   [Kremote: Resolving deltas:  85% (6/7)   [Kremote: Resolving deltas: 100% (7/7)   [Kremote: Resolving deltas: 100% (7/7), completed with 7 local objects.[K
To https://github.com/gumeo/gumeo.github.io.git
   77ae8d0..75de541  master -> master
]0;/home/guei/Documents/gumeo-blog/public]0;guei@comp-nbguei: ~/Documents/gumeo-blog/public[01;32mguei@comp-nbguei[00m:[01;34m~/Documents/gumeo-blog/public[00m$ git pushcommit * -m "hello"
On branch master
Your branch is up-to-date with 'origin/master'.
nothing to commit, working directory clean
]0;/home/guei/Documents/gumeo-blog/public]0;guei@comp-nbguei: ~/Documents/gumeo-blog/public[01;32mguei@comp-nbguei[00m:[01;34m~/Documents/gumeo-blog/public[00m$ git commit * -m "hello"
On branch master
Your branch is up-to-date with 'origin/master'.
nothing to commit, working directory clean
]0;/home/guei/Documents/gumeo-blog/public]0;guei@comp-nbguei: ~/Documents/gumeo-blog/public[01;32mguei@comp-nbguei[00m:[01;34m~/Documents/gumeo-blog/public[00m$ git commit * -m "hello"
[master a0681e2] hello
 5 files changed, 15 insertions(+), 15 deletions(-)
]0;/home/guei/Documents/gumeo-blog/public]0;guei@comp-nbguei: ~/Documents/gumeo-blog/public[01;32mguei@comp-nbguei[00m:[01;34m~/Documents/gumeo-blog/public[00m$ git commit * -m "hello"push[K
warning: push.default is unset; its implicit value has changed in
Git 2.0 from 'matching' to 'simple'. To squelch this message
and maintain the traditional behavior, use:

  git config --global push.default matching

To squelch this message and adopt the new behavior now, use:

  git config --global push.default simple

When push.default is set to 'matching', git will push local branches
to the remote branches that already exist with the same name.

Since Git 2.0, Git defaults to the more conservative 'simple'
behavior, which only pushes the current branch to the corresponding
remote branch that 'git pull' uses to update the current branch.

See 'git help config' and search for 'push.default' for further information.
(the 'simple' mode was introduced in Git 1.7.11. Use the similar mode
'current' instead of 'simple' if you sometimes use older versions of Git)

error: cannot run rpostback-askpass: No such file or directory
Username for 'https://github.com': gumeo
error: cannot run rpostback-askpass: No such file or directory
Password for 'https://gumeo@github.com': 
Counting objects: 12, done.
Delta compression using up to 8 threads.
Compressing objects:   9% (1/11)   Compressing objects:  18% (2/11)   Compressing objects:  27% (3/11)   Compressing objects:  36% (4/11)   Compressing objects:  45% (5/11)   Compressing objects:  54% (6/11)   Compressing objects:  63% (7/11)   Compressing objects:  72% (8/11)   Compressing objects:  81% (9/11)   Compressing objects:  90% (10/11)   Compressing objects: 100% (11/11)   Compressing objects: 100% (11/11), done.
Writing objects:   8% (1/12)   Writing objects:  16% (2/12)   Writing objects:  25% (3/12)   Writing objects:  33% (4/12)   Writing objects:  41% (5/12)   Writing objects:  50% (6/12)   Writing objects:  58% (7/12)   Writing objects:  66% (8/12)   Writing objects:  75% (9/12)   Writing objects:  83% (10/12)   Writing objects:  91% (11/12)   Writing objects: 100% (12/12)   Writing objects: 100% (12/12), 1.02 KiB | 0 bytes/s, done.
Total 12 (delta 7), reused 0 (delta 0)
remote: Resolving deltas:   0% (0/7)   [Kremote: Resolving deltas:  14% (1/7)   [Kremote: Resolving deltas:  42% (3/7)   [Kremote: Resolving deltas:  57% (4/7)   [Kremote: Resolving deltas:  71% (5/7)   [Kremote: Resolving deltas:  85% (6/7)   [Kremote: Resolving deltas: 100% (7/7)   [Kremote: Resolving deltas: 100% (7/7), completed with 6 local objects.[K
To https://github.com/gumeo/gumeo.github.io.git
   75de541..a0681e2  master -> master
]0;/home/guei/Documents/gumeo-blog/public]0;guei@comp-nbguei: ~/Documents/gumeo-blog/public[01;32mguei@comp-nbguei[00m:[01;34m~/Documents/gumeo-blog/public[00m$ git pushcommit * -m "hello"
[master 86b7f49] hello
 5 files changed, 15 insertions(+), 15 deletions(-)
]0;/home/guei/Documents/gumeo-blog/public]0;guei@comp-nbguei: ~/Documents/gumeo-blog/public[01;32mguei@comp-nbguei[00m:[01;34m~/Documents/gumeo-blog/public[00m$ git commit * -m "hello"push[K
warning: push.default is unset; its implicit value has changed in
Git 2.0 from 'matching' to 'simple'. To squelch this message
and maintain the traditional behavior, use:

  git config --global push.default matching

To squelch this message and adopt the new behavior now, use:

  git config --global push.default simple

When push.default is set to 'matching', git will push local branches
to the remote branches that already exist with the same name.

Since Git 2.0, Git defaults to the more conservative 'simple'
behavior, which only pushes the current branch to the corresponding
remote branch that 'git pull' uses to update the current branch.

See 'git help config' and search for 'push.default' for further information.
(the 'simple' mode was introduced in Git 1.7.11. Use the similar mode
'current' instead of 'simple' if you sometimes use older versions of Git)

error: cannot run rpostback-askpass: No such file or directory
Username for 'https://github.com': gumeo
error: cannot run rpostback-askpass: No such file or directory
Password for 'https://gumeo@github.com': 
Counting objects: 12, done.
Delta compression using up to 8 threads.
Compressing objects:   9% (1/11)   Compressing objects:  18% (2/11)   Compressing objects:  27% (3/11)   Compressing objects:  36% (4/11)   Compressing objects:  45% (5/11)   Compressing objects:  54% (6/11)   Compressing objects:  63% (7/11)   Compressing objects:  72% (8/11)   Compressing objects:  81% (9/11)   Compressing objects:  90% (10/11)   Compressing objects: 100% (11/11)   Compressing objects: 100% (11/11), done.
Writing objects:   8% (1/12)   Writing objects:  16% (2/12)   Writing objects:  25% (3/12)   Writing objects:  33% (4/12)   Writing objects:  41% (5/12)   Writing objects:  50% (6/12)   Writing objects:  58% (7/12)   Writing objects:  66% (8/12)   Writing objects:  75% (9/12)   Writing objects:  83% (10/12)   Writing objects:  91% (11/12)   Writing objects: 100% (12/12)   Writing objects: 100% (12/12), 1.02 KiB | 0 bytes/s, done.
Total 12 (delta 7), reused 0 (delta 0)
remote: Resolving deltas:   0% (0/7)   [Kremote: Resolving deltas:  14% (1/7)   [Kremote: Resolving deltas:  28% (2/7)   [Kremote: Resolving deltas:  42% (3/7)   [Kremote: Resolving deltas:  57% (4/7)   [Kremote: Resolving deltas:  71% (5/7)   [Kremote: Resolving deltas:  85% (6/7)   [Kremote: Resolving deltas: 100% (7/7)   [Kremote: Resolving deltas: 100% (7/7), completed with 7 local objects.[K
To https://github.com/gumeo/gumeo.github.io.git
   a0681e2..86b7f49  master -> master
]0;/home/guei/Documents/gumeo-blog/public]0;guei@comp-nbguei: ~/Documents/gumeo-blog/public[01;32mguei@comp-nbguei[00m:[01;34m~/Documents/gumeo-blog/public[00m$ git pushcommit * -m "hello"
On branch master
Your branch is up-to-date with 'origin/master'.
nothing to commit, working directory clean
]0;/home/guei/Documents/gumeo-blog/public]0;guei@comp-nbguei: ~/Documents/gumeo-blog/public[01;32mguei@comp-nbguei[00m:[01;34m~/Documents/gumeo-blog/public[00m$ git commit * -m "hello"
On branch master
Your branch is up-to-date with 'origin/master'.
nothing to commit, working directory clean
git commit -m ''j'e'b'b'
On branch master
Your branch is up-to-date with 'origin/master'.
nothing to commit, working directory clean
]0;/home/guei/Documents/gumeo-blog/public]0;guei@comp-nbguei: ~/Documents/gumeo-blog/public[01;32mguei@comp-nbguei[00m:[01;34m~/Documents/gumeo-blog/public[00m$ git commit -m 'jebb'[C[1@ [1@*
On branch master
Your branch is up-to-date with 'origin/master'.
nothing to commit, working directory clean
]0;/home/guei/Documents/gumeo-blog/public]0;guei@comp-nbguei: ~/Documents/gumeo-blog/public[01;32mguei@comp-nbguei[00m:[01;34m~/Documents/gumeo-blog/public[00m$ git commit * -m 'jebb'
On branch master
Your branch is up-to-date with 'origin/master'.
nothing to commit, working directory clean
]0;/home/guei/Documents/gumeo-blog/public]0;guei@comp-nbguei: ~/Documents/gumeo-blog/public[01;32mguei@comp-nbguei[00m:[01;34m~/Documents/gumeo-blog/public[00m$ git commit * -m 'jebb'
On branch master
Your branch is up-to-date with 'origin/master'.
nothing to commit, working directory clean
]0;/home/guei/Documents/gumeo-blog/public]0;guei@comp-nbguei: ~/Documents/gumeo-blog/public[01;32mguei@comp-nbguei[00m:[01;34m~/Documents/gumeo-blog/public[00m$ git add *
]0;/home/guei/Documents/gumeo-blog/public]0;guei@comp-nbguei: ~/Documents/gumeo-blog/public[01;32mguei@comp-nbguei[00m:[01;34m~/Documents/gumeo-blog/public[00m$ git add *commit * -m 'jebb'
On branch master
Your branch is up-to-date with 'origin/master'.
nothing to commit, working directory clean
]0;/home/guei/Documents/gumeo-blog/public]0;guei@comp-nbguei: ~/Documents/gumeo-blog/public[01;32mguei@comp-nbguei[00m:[01;34m~/Documents/gumeo-blog/public[00m$ ll
total 52
drwxrwxr-x  9 guei guei 4096 Nov  7 15:19 [0m[01;34m.[0m/
drwxrwxr-x 10 guei guei 4096 Nov  8 16:10 [01;34m..[0m/
drwxrwxr-x  4 guei guei 4096 Nov  8 15:44 [01;34mcategories[0m/
drwxrwxr-x  2 guei guei 4096 Nov  7 15:19 [01;34mcss[0m/
drwxrwxr-x  8 guei guei 4096 Nov  8 16:12 [01;34m.git[0m/
-rw-rw-r--  1 guei guei 7601 Nov  8 16:12 index.html
-rw-rw-r--  1 guei guei 1139 Nov  8 16:12 index.xml
drwxrwxr-x  2 guei guei 4096 Nov  7 15:19 [01;34mjs[0m/
-rw-rw-r--  1 guei guei    0 Nov  8 15:50 .nojekyll
drwxrwxr-x  3 guei guei 4096 Nov  8 15:44 [01;34mpage[0m/
drwxrwxr-x  5 guei guei 4096 Nov  8 16:12 [01;34mpost[0m/
-rw-rw-r--  1 guei guei  931 Nov  8 16:12 sitemap.xml
drwxrwxr-x  6 guei guei 4096 Nov  8 15:50 [01;34mtags[0m/
]0;/home/guei/Documents/gumeo-blog/public]0;guei@comp-nbguei: ~/Documents/gumeo-blog/public[01;32mguei@comp-nbguei[00m:[01;34m~/Documents/gumeo-blog/public[00m$ git commit * -m ''h'u'g'o'_'b'u'i'l'd'
[master 7ddcfa8] hugo_build
 16 files changed, 65 insertions(+), 65 deletions(-)
]0;/home/guei/Documents/gumeo-blog/public]0;guei@comp-nbguei: ~/Documents/gumeo-blog/public[01;32mguei@comp-nbguei[00m:[01;34m~/Documents/gumeo-blog/public[00m$ git push
warning: push.default is unset; its implicit value has changed in
Git 2.0 from 'matching' to 'simple'. To squelch this message
and maintain the traditional behavior, use:

  git config --global push.default matching

To squelch this message and adopt the new behavior now, use:

  git config --global push.default simple

When push.default is set to 'matching', git will push local branches
to the remote branches that already exist with the same name.

Since Git 2.0, Git defaults to the more conservative 'simple'
behavior, which only pushes the current branch to the corresponding
remote branch that 'git pull' uses to update the current branch.

See 'git help config' and search for 'push.default' for further information.
(the 'simple' mode was introduced in Git 1.7.11. Use the similar mode
'current' instead of 'simple' if you sometimes use older versions of Git)

error: cannot run rpostback-askpass: No such file or directory
Username for 'https://github.com': gumeo
error: cannot run rpostback-askpass: No such file or directory
Password for 'https://gumeo@github.com': 
Counting objects: 32, done.
Delta compression using up to 8 threads.
Compressing objects:   4% (1/23)   Compressing objects:   8% (2/23)   Compressing objects:  13% (3/23)   Compressing objects:  17% (4/23)   Compressing objects:  21% (5/23)   Compressing objects:  26% (6/23)   Compressing objects:  30% (7/23)   Compressing objects:  34% (8/23)   Compressing objects:  39% (9/23)   Compressing objects:  43% (10/23)   Compressing objects:  47% (11/23)   Compressing objects:  52% (12/23)   Compressing objects:  56% (13/23)   Compressing objects:  60% (14/23)   Compressing objects:  65% (15/23)   Compressing objects:  69% (16/23)   Compressing objects:  73% (17/23)   Compressing objects:  78% (18/23)   Compressing objects:  82% (19/23)   Compressing objects:  86% (20/23)   Compressing objects:  91% (21/23)   Compressing objects:  95% (22/23)   Compressing objects: 100% (23/23)   Compressing objects: 100% (23/23), done.
Writing objects:   3% (1/32)   Writing objects:   6% (2/32)   Writing objects:   9% (3/32)   Writing objects:  12% (4/32)   Writing objects:  15% (5/32)   Writing objects:  21% (7/32)   Writing objects:  25% (8/32)   Writing objects:  28% (9/32)   Writing objects:  31% (10/32)   Writing objects:  34% (11/32)   Writing objects:  37% (12/32)   Writing objects:  40% (13/32)   Writing objects:  43% (14/32)   Writing objects:  46% (15/32)   Writing objects:  50% (16/32)   Writing objects:  53% (17/32)   Writing objects:  56% (18/32)   Writing objects:  59% (19/32)   Writing objects:  62% (20/32)   Writing objects:  65% (21/32)   Writing objects:  68% (22/32)   Writing objects:  71% (23/32)   Writing objects:  75% (24/32)   Writing objects:  78% (25/32)   Writing objects:  81% (26/32)   Writing objects:  84% (27/32)   Writing objects:  87% (28/32)   Writing objects:  90% (29/32)   Writing objects:  93% (30/32)   Writing objects:  96% (31/32)   Writing objects: 100% (32/32)   Writing objects: 100% (32/32), 2.53 KiB | 0 bytes/s, done.
Total 32 (delta 17), reused 0 (delta 0)
remote: Resolving deltas:   0% (0/17)   [Kremote: Resolving deltas:  11% (2/17)   [Kremote: Resolving deltas:  35% (6/17)   [Kremote: Resolving deltas:  52% (9/17)   [Kremote: Resolving deltas:  76% (13/17)   [Kremote: Resolving deltas:  82% (14/17)   [Kremote: Resolving deltas:  88% (15/17)   [Kremote: Resolving deltas:  94% (16/17)   [Kremote: Resolving deltas: 100% (17/17)   [Kremote: Resolving deltas: 100% (17/17), completed with 8 local objects.[K
To https://github.com/gumeo/gumeo.github.io.git
   86b7f49..7ddcfa8  master -> master
]0;/home/guei/Documents/gumeo-blog/public]0;guei@comp-nbguei: ~/Documents/gumeo-blog/public[01;32mguei@comp-nbguei[00m:[01;34m~/Documents/gumeo-blog/public[00m$ git pushcommit * -m 'hugo_build'
[master 6170963] hugo_build
 5 files changed, 25 insertions(+), 25 deletions(-)
]0;/home/guei/Documents/gumeo-blog/public]0;guei@comp-nbguei: ~/Documents/gumeo-blog/public[01;32mguei@comp-nbguei[00m:[01;34m~/Documents/gumeo-blog/public[00m$ git commit * -m 'hugo_build'push[K
warning: push.default is unset; its implicit value has changed in
Git 2.0 from 'matching' to 'simple'. To squelch this message
and maintain the traditional behavior, use:

  git config --global push.default matching

To squelch this message and adopt the new behavior now, use:

  git config --global push.default simple

When push.default is set to 'matching', git will push local branches
to the remote branches that already exist with the same name.

Since Git 2.0, Git defaults to the more conservative 'simple'
behavior, which only pushes the current branch to the corresponding
remote branch that 'git pull' uses to update the current branch.

See 'git help config' and search for 'push.default' for further information.
(the 'simple' mode was introduced in Git 1.7.11. Use the similar mode
'current' instead of 'simple' if you sometimes use older versions of Git)

error: cannot run rpostback-askpass: No such file or directory
Username for 'https://github.com': gumeo
error: cannot run rpostback-askpass: No such file or directory
Password for 'https://gumeo@github.com': 
Counting objects: 12, done.
Delta compression using up to 8 threads.
Compressing objects:   9% (1/11)   Compressing objects:  18% (2/11)   Compressing objects:  27% (3/11)   Compressing objects:  36% (4/11)   Compressing objects:  45% (5/11)   Compressing objects:  54% (6/11)   Compressing objects:  63% (7/11)   Compressing objects:  72% (8/11)   Compressing objects:  81% (9/11)   Compressing objects:  90% (10/11)   Compressing objects: 100% (11/11)   Compressing objects: 100% (11/11), done.
Writing objects:   8% (1/12)   Writing objects:  16% (2/12)   Writing objects:  25% (3/12)   Writing objects:  33% (4/12)   Writing objects:  41% (5/12)   Writing objects:  50% (6/12)   Writing objects:  58% (7/12)   Writing objects:  66% (8/12)   Writing objects:  75% (9/12)   Writing objects:  83% (10/12)   Writing objects:  91% (11/12)   Writing objects: 100% (12/12)   Writing objects: 100% (12/12), 1.09 KiB | 0 bytes/s, done.
Total 12 (delta 7), reused 0 (delta 0)
remote: Resolving deltas:   0% (0/7)   [Kremote: Resolving deltas:  14% (1/7)   [Kremote: Resolving deltas:  28% (2/7)   [Kremote: Resolving deltas:  42% (3/7)   [Kremote: Resolving deltas:  57% (4/7)   [Kremote: Resolving deltas:  71% (5/7)   [Kremote: Resolving deltas:  85% (6/7)   [Kremote: Resolving deltas: 100% (7/7)   [Kremote: Resolving deltas: 100% (7/7), completed with 7 local objects.[K
To https://github.com/gumeo/gumeo.github.io.git
   7ddcfa8..6170963  master -> master
]0;/home/guei/Documents/gumeo-blog/public]0;guei@comp-nbguei: ~/Documents/gumeo-blog/public[01;32mguei@comp-nbguei[00m:[01;34m~/Documents/gumeo-blog/public[00m$ git pushcommit * -m 'hugo_build'
[master 0707e1f] hugo_build
 5 files changed, 5 insertions(+), 5 deletions(-)
]0;/home/guei/Documents/gumeo-blog/public]0;guei@comp-nbguei: ~/Documents/gumeo-blog/public[01;32mguei@comp-nbguei[00m:[01;34m~/Documents/gumeo-blog/public[00m$ git commit * -m 'hugo_build'push[K
warning: push.default is unset; its implicit value has changed in
Git 2.0 from 'matching' to 'simple'. To squelch this message
and maintain the traditional behavior, use:

  git config --global push.default matching

To squelch this message and adopt the new behavior now, use:

  git config --global push.default simple

When push.default is set to 'matching', git will push local branches
to the remote branches that already exist with the same name.

Since Git 2.0, Git defaults to the more conservative 'simple'
behavior, which only pushes the current branch to the corresponding
remote branch that 'git pull' uses to update the current branch.

See 'git help config' and search for 'push.default' for further information.
(the 'simple' mode was introduced in Git 1.7.11. Use the similar mode
'current' instead of 'simple' if you sometimes use older versions of Git)

error: cannot run rpostback-askpass: No such file or directory
Username for 'https://github.com': gumeo
error: cannot run rpostback-askpass: No such file or directory
Password for 'https://gumeo@github.com': 
Counting objects: 12, done.
Delta compression using up to 8 threads.
Compressing objects:   9% (1/11)   Compressing objects:  18% (2/11)   Compressing objects:  27% (3/11)   Compressing objects:  36% (4/11)   Compressing objects:  45% (5/11)   Compressing objects:  54% (6/11)   Compressing objects:  63% (7/11)   Compressing objects:  72% (8/11)   Compressing objects:  81% (9/11)   Compressing objects:  90% (10/11)   Compressing objects: 100% (11/11)   Compressing objects: 100% (11/11), done.
Writing objects:   8% (1/12)   Writing objects:  16% (2/12)   Writing objects:  25% (3/12)   Writing objects:  33% (4/12)   Writing objects:  41% (5/12)   Writing objects:  50% (6/12)   Writing objects:  58% (7/12)   Writing objects:  66% (8/12)   Writing objects:  75% (9/12)   Writing objects:  83% (10/12)   Writing objects:  91% (11/12)   Writing objects: 100% (12/12)   Writing objects: 100% (12/12), 1023 bytes | 0 bytes/s, done.
Total 12 (delta 7), reused 0 (delta 0)
remote: Resolving deltas:   0% (0/7)   [Kremote: Resolving deltas:  14% (1/7)   [Kremote: Resolving deltas:  28% (2/7)   [Kremote: Resolving deltas:  42% (3/7)   [Kremote: Resolving deltas:  57% (4/7)   [Kremote: Resolving deltas:  71% (5/7)   [Kremote: Resolving deltas:  85% (6/7)   [Kremote: Resolving deltas: 100% (7/7)   [Kremote: Resolving deltas: 100% (7/7), completed with 7 local objects.[K
To https://github.com/gumeo/gumeo.github.io.git
   6170963..0707e1f  master -> master
]0;/home/guei/Documents/gumeo-blog/public]0;guei@comp-nbguei: ~/Documents/gumeo-blog/public[01;32mguei@comp-nbguei[00m:[01;34m~/Documents/gumeo-blog/public[00m$ ll
total 52
drwxrwxr-x  9 guei guei 4096 Nov  7 15:19 [0m[01;34m.[0m/
drwxrwxr-x 10 guei guei 4096 Nov  8 16:10 [01;34m..[0m/
drwxrwxr-x  4 guei guei 4096 Nov  8 15:44 [01;34mcategories[0m/
drwxrwxr-x  2 guei guei 4096 Nov  7 15:19 [01;34mcss[0m/
drwxrwxr-x  8 guei guei 4096 Nov  8 16:21 [01;34m.git[0m/
-rw-rw-r--  1 guei guei 7757 Nov  8 16:21 index.html
-rw-rw-r--  1 guei guei 1231 Nov  8 16:21 index.xml
drwxrwxr-x  2 guei guei 4096 Nov  7 15:19 [01;34mjs[0m/
-rw-rw-r--  1 guei guei    0 Nov  8 15:50 .nojekyll
drwxrwxr-x  3 guei guei 4096 Nov  8 15:44 [01;34mpage[0m/
drwxrwxr-x  5 guei guei 4096 Nov  8 16:12 [01;34mpost[0m/
-rw-rw-r--  1 guei guei 1092 Nov  8 16:21 sitemap.xml
drwxrwxr-x  6 guei guei 4096 Nov  8 15:50 [01;34mtags[0m/
]0;/home/guei/Documents/gumeo-blog/public]0;guei@comp-nbguei: ~/Documents/gumeo-blog/public[01;32mguei@comp-nbguei[00m:[01;34m~/Documents/gumeo-blog/public[00m$ llgit pushcommit * -m 'hugo_build'
[master 1dc6568] hugo_build
 5 files changed, 25 insertions(+), 25 deletions(-)
]0;/home/guei/Documents/gumeo-blog/public]0;guei@comp-nbguei: ~/Documents/gumeo-blog/public[01;32mguei@comp-nbguei[00m:[01;34m~/Documents/gumeo-blog/public[00m$ git commit * -m 'hugo_build'll[Kgit push
warning: push.default is unset; its implicit value has changed in
Git 2.0 from 'matching' to 'simple'. To squelch this message
and maintain the traditional behavior, use:

  git config --global push.default matching

To squelch this message and adopt the new behavior now, use:

  git config --global push.default simple

When push.default is set to 'matching', git will push local branches
to the remote branches that already exist with the same name.

Since Git 2.0, Git defaults to the more conservative 'simple'
behavior, which only pushes the current branch to the corresponding
remote branch that 'git pull' uses to update the current branch.

See 'git help config' and search for 'push.default' for further information.
(the 'simple' mode was introduced in Git 1.7.11. Use the similar mode
'current' instead of 'simple' if you sometimes use older versions of Git)

error: cannot run rpostback-askpass: No such file or directory
Username for 'https://github.com': gumeo
error: cannot run rpostback-askpass: No such file or directory
Password for 'https://gumeo@github.com': 
Counting objects: 12, done.
Delta compression using up to 8 threads.
Compressing objects:   9% (1/11)   Compressing objects:  18% (2/11)   Compressing objects:  27% (3/11)   Compressing objects:  36% (4/11)   Compressing objects:  45% (5/11)   Compressing objects:  54% (6/11)   Compressing objects:  63% (7/11)   Compressing objects:  72% (8/11)   Compressing objects:  81% (9/11)   Compressing objects:  90% (10/11)   Compressing objects: 100% (11/11)   Compressing objects: 100% (11/11), done.
Writing objects:   8% (1/12)   Writing objects:  16% (2/12)   Writing objects:  25% (3/12)   Writing objects:  33% (4/12)   Writing objects:  41% (5/12)   Writing objects:  50% (6/12)   Writing objects:  58% (7/12)   Writing objects:  66% (8/12)   Writing objects:  75% (9/12)   Writing objects:  83% (10/12)   Writing objects:  91% (11/12)   Writing objects: 100% (12/12)   Writing objects: 100% (12/12), 1.09 KiB | 0 bytes/s, done.
Total 12 (delta 7), reused 0 (delta 0)
remote: Resolving deltas:   0% (0/7)   [Kremote: Resolving deltas:  14% (1/7)   [Kremote: Resolving deltas:  28% (2/7)   [Kremote: Resolving deltas:  42% (3/7)   [Kremote: Resolving deltas:  57% (4/7)   [Kremote: Resolving deltas:  71% (5/7)   [Kremote: Resolving deltas:  85% (6/7)   [Kremote: Resolving deltas: 100% (7/7)   [Kremote: Resolving deltas: 100% (7/7), completed with 7 local objects.[K
To https://github.com/gumeo/gumeo.github.io.git
   0707e1f..1dc6568  master -> master
]0;/home/guei/Documents/gumeo-blog/public]0;guei@comp-nbguei: ~/Documents/gumeo-blog/public[01;32mguei@comp-nbguei[00m:[01;34m~/Documents/gumeo-blog/public[00m$ git pushcommit * -m 'hugo_build'
[master 322b427] hugo_build
 6 files changed, 6 insertions(+), 6 deletions(-)
]0;/home/guei/Documents/gumeo-blog/public]0;guei@comp-nbguei: ~/Documents/gumeo-blog/public[01;32mguei@comp-nbguei[00m:[01;34m~/Documents/gumeo-blog/public[00m$ git commit * -m 'hugo_build'push[K
warning: push.default is unset; its implicit value has changed in
Git 2.0 from 'matching' to 'simple'. To squelch this message
and maintain the traditional behavior, use:

  git config --global push.default matching

To squelch this message and adopt the new behavior now, use:

  git config --global push.default simple

When push.default is set to 'matching', git will push local branches
to the remote branches that already exist with the same name.

Since Git 2.0, Git defaults to the more conservative 'simple'
behavior, which only pushes the current branch to the corresponding
remote branch that 'git pull' uses to update the current branch.

See 'git help config' and search for 'push.default' for further information.
(the 'simple' mode was introduced in Git 1.7.11. Use the similar mode
'current' instead of 'simple' if you sometimes use older versions of Git)

error: cannot run rpostback-askpass: No such file or directory
Username for 'https://github.com': gumeo
error: cannot run rpostback-askpass: No such file or directory
Password for 'https://gumeo@github.com': 
Counting objects: 13, done.
Delta compression using up to 8 threads.
Compressing objects:   8% (1/12)   Compressing objects:  16% (2/12)   Compressing objects:  25% (3/12)   Compressing objects:  33% (4/12)   Compressing objects:  41% (5/12)   Compressing objects:  50% (6/12)   Compressing objects:  58% (7/12)   Compressing objects:  66% (8/12)   Compressing objects:  75% (9/12)   Compressing objects:  83% (10/12)   Compressing objects:  91% (11/12)   Compressing objects: 100% (12/12)   Compressing objects: 100% (12/12), done.
Writing objects:   7% (1/13)   Writing objects:  15% (2/13)   Writing objects:  23% (3/13)   Writing objects:  30% (4/13)   Writing objects:  38% (5/13)   Writing objects:  46% (6/13)   Writing objects:  53% (7/13)   Writing objects:  61% (8/13)   Writing objects:  69% (9/13)   Writing objects:  76% (10/13)   Writing objects:  84% (11/13)   Writing objects:  92% (12/13)   Writing objects: 100% (13/13)   Writing objects: 100% (13/13), 1.15 KiB | 0 bytes/s, done.
Total 13 (delta 7), reused 0 (delta 0)
remote: Resolving deltas:   0% (0/7)   [Kremote: Resolving deltas:  14% (1/7)   [Kremote: Resolving deltas:  28% (2/7)   [Kremote: Resolving deltas:  42% (3/7)   [Kremote: Resolving deltas:  57% (4/7)   [Kremote: Resolving deltas:  71% (5/7)   [Kremote: Resolving deltas:  85% (6/7)   [Kremote: Resolving deltas: 100% (7/7)   [Kremote: Resolving deltas: 100% (7/7), completed with 7 local objects.[K
To https://github.com/gumeo/gumeo.github.io.git
   1dc6568..322b427  master -> master
]0;/home/guei/Documents/gumeo-blog/public]0;guei@comp-nbguei: ~/Documents/gumeo-blog/public[01;32mguei@comp-nbguei[00m:[01;34m~/Documents/gumeo-blog/public[00m$ git push[Kgit pushcommit * -m 'hugo_build'
[master b0d6ed5] hugo_build
 6 files changed, 12 insertions(+), 12 deletions(-)
]0;/home/guei/Documents/gumeo-blog/public]0;guei@comp-nbguei: ~/Documents/gumeo-blog/public[01;32mguei@comp-nbguei[00m:[01;34m~/Documents/gumeo-blog/public[00m$ git commit * -m 'hugo_build'push[K
warning: push.default is unset; its implicit value has changed in
Git 2.0 from 'matching' to 'simple'. To squelch this message
and maintain the traditional behavior, use:

  git config --global push.default matching

To squelch this message and adopt the new behavior now, use:

  git config --global push.default simple

When push.default is set to 'matching', git will push local branches
to the remote branches that already exist with the same name.

Since Git 2.0, Git defaults to the more conservative 'simple'
behavior, which only pushes the current branch to the corresponding
remote branch that 'git pull' uses to update the current branch.

See 'git help config' and search for 'push.default' for further information.
(the 'simple' mode was introduced in Git 1.7.11. Use the similar mode
'current' instead of 'simple' if you sometimes use older versions of Git)

error: cannot run rpostback-askpass: No such file or directory
Username for 'https://github.com': gumeio  o
error: cannot run rpostback-askpass: No such file or directory
Password for 'https://gumeo@github.com': 
Counting objects: 13, done.
Delta compression using up to 8 threads.
Compressing objects:   8% (1/12)   Compressing objects:  16% (2/12)   Compressing objects:  25% (3/12)   Compressing objects:  33% (4/12)   Compressing objects:  41% (5/12)   Compressing objects:  50% (6/12)   Compressing objects:  58% (7/12)   Compressing objects:  66% (8/12)   Compressing objects:  75% (9/12)   Compressing objects:  83% (10/12)   Compressing objects:  91% (11/12)   Compressing objects: 100% (12/12)   Compressing objects: 100% (12/12), done.
Writing objects:   7% (1/13)   Writing objects:  15% (2/13)   Writing objects:  23% (3/13)   Writing objects:  30% (4/13)   Writing objects:  38% (5/13)   Writing objects:  46% (6/13)   Writing objects:  53% (7/13)   Writing objects:  61% (8/13)   Writing objects:  69% (9/13)   Writing objects:  76% (10/13)   Writing objects:  84% (11/13)   Writing objects:  92% (12/13)   Writing objects: 100% (13/13)   Writing objects: 100% (13/13), 1.25 KiB | 0 bytes/s, done.
Total 13 (delta 7), reused 0 (delta 0)
remote: Resolving deltas:   0% (0/7)   [Kremote: Resolving deltas:  14% (1/7)   [Kremote: Resolving deltas:  28% (2/7)   [Kremote: Resolving deltas:  42% (3/7)   [Kremote: Resolving deltas:  57% (4/7)   [Kremote: Resolving deltas:  71% (5/7)   [Kremote: Resolving deltas:  85% (6/7)   [Kremote: Resolving deltas: 100% (7/7)   [Kremote: Resolving deltas: 100% (7/7), completed with 7 local objects.[K
To https://github.com/gumeo/gumeo.github.io.git
   322b427..b0d6ed5  master -> master
]0;/home/guei/Documents/gumeo-blog/public]0;guei@comp-nbguei: ~/Documents/gumeo-blog/public[01;32mguei@comp-nbguei[00m:[01;34m~/Documents/gumeo-blog/public[00m$ (i-search)`': [K]0;guei@comp-nbguei: ~/Documents/gumeo-blog/public[01;32mguei@comp-nbguei[00m:[01;34m~/Documents/gumeo-blog/public[00m$ 
]0;/home/guei/Documents/gumeo-blog/public]0;guei@comp-nbguei: ~/Documents/gumeo-blog/public[01;32mguei@comp-nbguei[00m:[01;34m~/Documents/gumeo-blog/public[00m$ git push
warning: push.default is unset; its implicit value has changed in
Git 2.0 from 'matching' to 'simple'. To squelch this message
and maintain the traditional behavior, use:

  git config --global push.default matching

To squelch this message and adopt the new behavior now, use:

  git config --global push.default simple

When push.default is set to 'matching', git will push local branches
to the remote branches that already exist with the same name.

Since Git 2.0, Git defaults to the more conservative 'simple'
behavior, which only pushes the current branch to the corresponding
remote branch that 'git pull' uses to update the current branch.

See 'git help config' and search for 'push.default' for further information.
(the 'simple' mode was introduced in Git 1.7.11. Use the similar mode
'current' instead of 'simple' if you sometimes use older versions of Git)

error: cannot run rpostback-askpass: No such file or directory
Username for 'https://github.com': gumeo
error: cannot run rpostback-askpass: No such file or directory
Password for 'https://gumeo@github.com': 
Everything up-to-date
]0;/home/guei/Documents/gumeo-blog/public]0;guei@comp-nbguei: ~/Documents/gumeo-blog/public[01;32mguei@comp-nbguei[00m:[01;34m~/Documents/gumeo-blog/public[00m$ git[K[K[Kgit pushcommit * -m 'hugo_build'
[master cf4b80f] hugo_build
 6 files changed, 6 insertions(+), 208 deletions(-)
]0;/home/guei/Documents/gumeo-blog/public]0;guei@comp-nbguei: ~/Documents/gumeo-blog/public[01;32mguei@comp-nbguei[00m:[01;34m~/Documents/gumeo-blog/public[00m$ git commit * -m 'hugo_build'push[K
warning: push.default is unset; its implicit value has changed in
Git 2.0 from 'matching' to 'simple'. To squelch this message
and maintain the traditional behavior, use:

  git config --global push.default matching

To squelch this message and adopt the new behavior now, use:

  git config --global push.default simple

When push.default is set to 'matching', git will push local branches
to the remote branches that already exist with the same name.

Since Git 2.0, Git defaults to the more conservative 'simple'
behavior, which only pushes the current branch to the corresponding
remote branch that 'git pull' uses to update the current branch.

See 'git help config' and search for 'push.default' for further information.
(the 'simple' mode was introduced in Git 1.7.11. Use the similar mode
'current' instead of 'simple' if you sometimes use older versions of Git)

error: cannot run rpostback-askpass: No such file or directory
Username for 'https://github.com': gumeo
error: cannot run rpostback-askpass: No such file or directory
Password for 'https://gumeo@github.com': 
remote: Invalid username or password.
fatal: Authentication failed for 'https://github.com/gumeo/gumeo.github.io.git/'
]0;/home/guei/Documents/gumeo-blog/public]0;guei@comp-nbguei: ~/Documents/gumeo-blog/public[01;32mguei@comp-nbguei[00m:[01;34m~/Documents/gumeo-blog/public[00m$ git push
warning: push.default is unset; its implicit value has changed in
Git 2.0 from 'matching' to 'simple'. To squelch this message
and maintain the traditional behavior, use:

  git config --global push.default matching

To squelch this message and adopt the new behavior now, use:

  git config --global push.default simple

When push.default is set to 'matching', git will push local branches
to the remote branches that already exist with the same name.

Since Git 2.0, Git defaults to the more conservative 'simple'
behavior, which only pushes the current branch to the corresponding
remote branch that 'git pull' uses to update the current branch.

See 'git help config' and search for 'push.default' for further information.
(the 'simple' mode was introduced in Git 1.7.11. Use the similar mode
'current' instead of 'simple' if you sometimes use older versions of Git)

error: cannot run rpostback-askpass: No such file or directory
Username for 'https://github.com': gumeo
error: cannot run rpostback-askpass: No such file or directory
Password for 'https://gumeo@github.com': 
Counting objects: 13, done.
Delta compression using up to 8 threads.
Compressing objects:   8% (1/12)   Compressing objects:  16% (2/12)   Compressing objects:  25% (3/12)   Compressing objects:  33% (4/12)   Compressing objects:  41% (5/12)   Compressing objects:  50% (6/12)   Compressing objects:  58% (7/12)   Compressing objects:  66% (8/12)   Compressing objects:  75% (9/12)   Compressing objects:  83% (10/12)   Compressing objects:  91% (11/12)   Compressing objects: 100% (12/12)   Compressing objects: 100% (12/12), done.
Writing objects:   7% (1/13)   Writing objects:  15% (2/13)   Writing objects:  23% (3/13)   Writing objects:  30% (4/13)   Writing objects:  46% (6/13)   Writing objects:  53% (7/13)   Writing objects:  61% (8/13)   Writing objects:  69% (9/13)   Writing objects:  76% (10/13)   Writing objects:  84% (11/13)   Writing objects:  92% (12/13)   Writing objects: 100% (13/13)   Writing objects: 100% (13/13), 1.43 KiB | 0 bytes/s, done.
Total 13 (delta 7), reused 0 (delta 0)
remote: Resolving deltas:   0% (0/7)   [Kremote: Resolving deltas:  14% (1/7)   [Kremote: Resolving deltas:  71% (5/7)   [Kremote: Resolving deltas:  85% (6/7)   [Kremote: Resolving deltas: 100% (7/7)   [Kremote: Resolving deltas: 100% (7/7), completed with 4 local objects.[K
To https://github.com/gumeo/gumeo.github.io.git
   b0d6ed5..cf4b80f  master -> master
]0;/home/guei/Documents/gumeo-blog/public]0;guei@comp-nbguei: ~/Documents/gumeo-blog/public[01;32mguei@comp-nbguei[00m:[01;34m~/Documents/gumeo-blog/public[00m$ git pushcommit * -m 'hugo_build'push[Kcommit * -m 'hugo_build'
On branch master
Your branch is up-to-date with 'origin/master'.
nothing to commit, working directory clean
]0;/home/guei/Documents/gumeo-blog/public]0;guei@comp-nbguei: ~/Documents/gumeo-blog/public[01;32mguei@comp-nbguei[00m:[01;34m~/Documents/gumeo-blog/public[00m$ git commit * -m 'hugo_build'push[Kcommit * -m 'hugo_build'[Kgit commit * -m 'hugo_build'push[Kcommit * -m 'hugo_build'
[master 0218aed] hugo_build
 10 files changed, 11 insertions(+), 22 deletions(-)
]0;/home/guei/Documents/gumeo-blog/public]0;guei@comp-nbguei: ~/Documents/gumeo-blog/public[01;32mguei@comp-nbguei[00m:[01;34m~/Documents/gumeo-blog/public[00m$ git commit * -m 'hugo_build'push[K
warning: push.default is unset; its implicit value has changed in
Git 2.0 from 'matching' to 'simple'. To squelch this message
and maintain the traditional behavior, use:

  git config --global push.default matching

To squelch this message and adopt the new behavior now, use:

  git config --global push.default simple

When push.default is set to 'matching', git will push local branches
to the remote branches that already exist with the same name.

Since Git 2.0, Git defaults to the more conservative 'simple'
behavior, which only pushes the current branch to the corresponding
remote branch that 'git pull' uses to update the current branch.

See 'git help config' and search for 'push.default' for further information.
(the 'simple' mode was introduced in Git 1.7.11. Use the similar mode
'current' instead of 'simple' if you sometimes use older versions of Git)

error: cannot run rpostback-askpass: No such file or directory
Username for 'https://github.com': gumeo
error: cannot run rpostback-askpass: No such file or directory
Password for 'https://gumeo@github.com': 
Counting objects: 17, done.
Delta compression using up to 8 threads.
Compressing objects:   6% (1/16)   Compressing objects:  12% (2/16)   Compressing objects:  18% (3/16)   Compressing objects:  25% (4/16)   Compressing objects:  31% (5/16)   Compressing objects:  37% (6/16)   Compressing objects:  43% (7/16)   Compressing objects:  50% (8/16)   Compressing objects:  56% (9/16)   Compressing objects:  62% (10/16)   Compressing objects:  68% (11/16)   Compressing objects:  75% (12/16)   Compressing objects:  81% (13/16)   Compressing objects:  87% (14/16)   Compressing objects:  93% (15/16)   Compressing objects: 100% (16/16)   Compressing objects: 100% (16/16), done.
Writing objects:   5% (1/17)   Writing objects:  11% (2/17)   Writing objects:  17% (3/17)   Writing objects:  23% (4/17)   Writing objects:  35% (6/17)   Writing objects:  47% (8/17)   Writing objects:  52% (9/17)   Writing objects:  58% (10/17)   Writing objects:  64% (11/17)   Writing objects:  70% (12/17)   Writing objects:  76% (13/17)   Writing objects:  82% (14/17)   Writing objects:  88% (15/17)   Writing objects:  94% (16/17)   Writing objects: 100% (17/17)   Writing objects: 100% (17/17), 1.94 KiB | 0 bytes/s, done.
Total 17 (delta 11), reused 0 (delta 0)
remote: Resolving deltas:   0% (0/11)   [Kremote: Resolving deltas:   9% (1/11)   [Kremote: Resolving deltas:  45% (5/11)   [Kremote: Resolving deltas:  81% (9/11)   [Kremote: Resolving deltas:  90% (10/11)   [Kremote: Resolving deltas: 100% (11/11)   [Kremote: Resolving deltas: 100% (11/11), completed with 5 local objects.[K
To https://github.com/gumeo/gumeo.github.io.git
   cf4b80f..0218aed  master -> master
]0;/home/guei/Documents/gumeo-blog/public]0;guei@comp-nbguei: ~/Documents/gumeo-blog/public[01;32mguei@comp-nbguei[00m:[01;34m~/Documents/gumeo-blog/public[00m$ cd ..
]0;/home/guei/Documents/gumeo-blog]0;guei@comp-nbguei: ~/Documents/gumeo-blog[01;32mguei@comp-nbguei[00m:[01;34m~/Documents/gumeo-blog[00m$ ls
[0m[01;34marchetypes[0m  config.toml  [01;34mcontent[0m  [01;34mdata[0m  gumeo-blog.Rproj  index.Rmd  [01;34mlayouts[0m  [01;34mpublic[0m  [01;34mstatic[0m  [01;34mthemes[0m
]0;/home/guei/Documents/gumeo-blog]0;guei@comp-nbguei: ~/Documents/gumeo-blog[01;32mguei@comp-nbguei[00m:[01;34m~/Documents/gumeo-blog[00m$ git init
Initialized empty Git repository in /home/guei/Documents/gumeo-blog/.git/
]0;/home/guei/Documents/gumeo-blog]0;guei@comp-nbguei: ~/Documents/gumeo-blog[01;32mguei@comp-nbguei[00m:[01;34m~/Documents/gumeo-blog[00m$ '[Kgit remote add origin git@github.com:gumeo/sourceForBlog.git
]0;/home/guei/Documents/gumeo-blog]0;guei@comp-nbguei: ~/Documents/gumeo-blog[01;32mguei@comp-nbguei[00m:[01;34m~/Documents/gumeo-blog[00m$ git push -u origin master
error: src refspec master does not match any.
error: failed to push some refs to 'git@github.com:gumeo/sourceForBlog.git'
]0;/home/guei/Documents/gumeo-blog]0;guei@comp-nbguei: ~/Documents/gumeo-blog[01;32mguei@comp-nbguei[00m:[01;34m~/Documents/gumeo-blog[00m$ git add *
]0;/home/guei/Documents/gumeo-blog]0;guei@comp-nbguei: ~/Documents/gumeo-blog[01;32mguei@comp-nbguei[00m:[01;34m~/Documents/gumeo-blog[00m$ git push[K[K[K[Kco0mm[K[K[Kmmit * -m ''i'n'i't'i'a'l' 'c'o'm'm'i't',' 't'h'i's' 'i's' 't'h'e' 's'o'u'r'c'e' 'f'o'r' 'm'y' 'b'l'o'g' 'g'u'm'e'o'.'g'i't'h'u'b'.'i'o'.' 'I' 'a'm' 'p'u't't' [A]0;guei@comp-nbguei: ~/Documents/gumeo-blog[01;32mguei@comp-nbguei[00m:[01;34m~/Documents/gumeo-blog[00m$ [C[C[C[C[C[C[C[C[C[C[C[C[C[C[C[C[C[C[C[C[C[C[C[C[C[C[C[C[C[C[C[C[C[C[C[C[C[C[C[C[C[C[C[C[C[C[C[C[C[C[C[C[C[C[C[C[C[C[C[C[C[C[C[C[C[C[C[C[C[C[C[C[C[C[C[C[C[C[C[C[C[C[C[C[C[C[C[C[C[Ci''n'g' 't'h'e' 's'o'u'r'c'e' 'o'n' 'g'i't'h'u'b' 's'o' 'I' 'c'a'n' 'b'a's'i'c'a'l'l'y' 'u'p'd'a't'e' '[1P'[1P'[1P'[1P'[1P'[1P'[1P'w'r'i't'e' 't'h'e' 'b'l'o'g' 'f'r'o'm' 'a'n'y'w'h'e'r'e'
error: pathspec 'archetypes' did not match any file(s) known to git.
error: pathspec 'data' did not match any file(s) known to git.
error: pathspec 'layouts' did not match any file(s) known to git.
]0;/home/guei/Documents/gumeo-blog]0;guei@comp-nbguei: ~/Documents/gumeo-blog[01;32mguei@comp-nbguei[00m:[01;34m~/Documents/gumeo-blog[00m$ git commit * -m 'initial commit, this is the source for my blog gumeo.github.io. I am puttinng the source on github so I can basically write the blog from anywhere'[Aadd *[K
[K[A[C[C[C[C[C[C[C[C[C[C[C[C[C[C[C[C[C[C[C[C[C[C[C[C[C[C[C[C[C[C[C[C[C[C[C[C[C[C[C[C[C[C[C[C[C[C[C[C[C[C-*r* *
error: unknown switch `r'
usage: git add [<options>] [--] <pathspec>...

    -n, --dry-run         dry run
    -v, --verbose         be verbose

    -i, --interactive     interactive picking
    -p, --patch           select hunks interactively
    -e, --edit            edit current diff and apply
    -f, --force           allow adding otherwise ignored files
    -u, --update          update tracked files
    -N, --intent-to-add   record only the fact that the path will be added later
    -A, --all             add changes from all tracked and untracked files
    --ignore-removal      ignore paths removed in the working tree (same as --no-all)
    --refresh             don't add, only refresh the index
    --ignore-errors       just skip files which cannot be added because of errors
    --ignore-missing      check if - even missing - files are ignored in dry run

]0;/home/guei/Documents/gumeo-blog]0;guei@comp-nbguei: ~/Documents/gumeo-blog[01;32mguei@comp-nbguei[00m:[01;34m~/Documents/gumeo-blog[00m$ git push -u origin master
error: src refspec master does not match any.
error: failed to push some refs to 'git@github.com:gumeo/sourceForBlog.git'
]0;/home/guei/Documents/gumeo-blog]0;guei@comp-nbguei: ~/Documents/gumeo-blog[01;32mguei@comp-nbguei[00m:[01;34m~/Documents/gumeo-blog[00m$ gir[Kt add .